// Jest Snapshot v1, https://goo.gl/fbAQLP

exports[`extractLeftGrid should extract left data when data tree has a depth of 2 1`] = `
Array [
  Array [
    Object {
      "incrementLeafCount": [Function],
      "leafCount": 4,
      "parent": null,
      "ref": Object {
        "qDown": 2,
        "qElemNo": 0,
        "qSubNodes": Array [
          Object {
            "qDown": 2,
            "qElemNo": 0,
            "qSubNodes": Array [
              Object {
                "qDown": 2,
                "qElemNo": 0,
                "qSubNodes": Array [],
                "qType": "E",
                "qUp": 1,
              },
            ],
            "qType": "E",
            "qUp": 1,
          },
        ],
        "qType": "N",
        "qUp": 1,
      },
      "root": null,
      "x": 0,
      "y": 0,
    },
    Object {
      "incrementLeafCount": [Function],
      "leafCount": 4,
      "parent": null,
      "ref": Object {
        "qDown": 2,
        "qElemNo": 1,
        "qSubNodes": Array [
          Object {
            "qDown": 2,
            "qElemNo": 0,
            "qSubNodes": Array [
              Object {
                "qDown": 2,
                "qElemNo": 0,
                "qSubNodes": Array [],
                "qType": "E",
                "qUp": 1,
              },
            ],
            "qType": "E",
            "qUp": 1,
          },
        ],
        "qType": "N",
        "qUp": 1,
      },
      "root": null,
      "x": 0,
      "y": 1,
    },
    Object {
      "incrementLeafCount": [Function],
      "leafCount": 6,
      "parent": null,
      "ref": Object {
        "qCanCollapse": true,
        "qDown": 2,
        "qElemNo": 2,
        "qSubNodes": Array [
          Object {
            "qDown": 2,
            "qElemNo": 0,
            "qSubNodes": Array [
              Object {
                "qDown": 2,
                "qElemNo": 0,
                "qSubNodes": Array [],
                "qType": "E",
                "qUp": 1,
              },
            ],
            "qType": "N",
            "qUp": 1,
          },
          Object {
            "qCanCollapse": true,
            "qDown": 2,
            "qElemNo": 1,
            "qSubNodes": Array [
              Object {
                "qDown": 2,
                "qElemNo": 0,
                "qSubNodes": Array [],
                "qType": "N",
                "qUp": 1,
              },
              Object {
                "qDown": 2,
                "qElemNo": 1,
                "qSubNodes": Array [],
                "qType": "N",
                "qUp": 1,
              },
            ],
            "qType": "N",
            "qUp": 1,
          },
        ],
        "qType": "N",
        "qUp": 1,
      },
      "root": null,
      "x": 0,
      "y": 2,
    },
    Object {
      "incrementLeafCount": [Function],
      "leafCount": 3,
      "parent": null,
      "ref": Object {
        "qDown": 2,
        "qElemNo": 2,
        "qSubNodes": Array [],
        "qType": "N",
        "qUp": 1,
      },
      "root": null,
      "x": 0,
      "y": 3,
    },
  ],
  Array [
    Object {
      "incrementLeafCount": [Function],
      "leafCount": 4,
      "parent": Object {
        "incrementLeafCount": [Function],
        "leafCount": 4,
        "parent": null,
        "ref": Object {
          "qDown": 2,
          "qElemNo": 0,
          "qSubNodes": Array [
            Object {
              "qDown": 2,
              "qElemNo": 0,
              "qSubNodes": Array [
                Object {
                  "qDown": 2,
                  "qElemNo": 0,
                  "qSubNodes": Array [],
                  "qType": "E",
                  "qUp": 1,
                },
              ],
              "qType": "E",
              "qUp": 1,
            },
          ],
          "qType": "N",
          "qUp": 1,
        },
        "root": null,
        "x": 0,
        "y": 0,
      },
      "ref": Object {
        "qDown": 2,
        "qElemNo": 0,
        "qSubNodes": Array [
          Object {
            "qDown": 2,
            "qElemNo": 0,
            "qSubNodes": Array [],
            "qType": "E",
            "qUp": 1,
          },
        ],
        "qType": "E",
        "qUp": 1,
      },
      "root": Object {
        "incrementLeafCount": [Function],
        "leafCount": 4,
        "parent": null,
        "ref": Object {
          "qDown": 2,
          "qElemNo": 0,
          "qSubNodes": Array [
            Object {
              "qDown": 2,
              "qElemNo": 0,
              "qSubNodes": Array [
                Object {
                  "qDown": 2,
                  "qElemNo": 0,
                  "qSubNodes": Array [],
                  "qType": "E",
                  "qUp": 1,
                },
              ],
              "qType": "E",
              "qUp": 1,
            },
          ],
          "qType": "N",
          "qUp": 1,
        },
        "root": null,
        "x": 0,
        "y": 0,
      },
      "x": 1,
      "y": 0,
    },
    Object {
      "incrementLeafCount": [Function],
      "leafCount": 4,
      "parent": Object {
        "incrementLeafCount": [Function],
        "leafCount": 4,
        "parent": null,
        "ref": Object {
          "qDown": 2,
          "qElemNo": 1,
          "qSubNodes": Array [
            Object {
              "qDown": 2,
              "qElemNo": 0,
              "qSubNodes": Array [
                Object {
                  "qDown": 2,
                  "qElemNo": 0,
                  "qSubNodes": Array [],
                  "qType": "E",
                  "qUp": 1,
                },
              ],
              "qType": "E",
              "qUp": 1,
            },
          ],
          "qType": "N",
          "qUp": 1,
        },
        "root": null,
        "x": 0,
        "y": 1,
      },
      "ref": Object {
        "qDown": 2,
        "qElemNo": 0,
        "qSubNodes": Array [
          Object {
            "qDown": 2,
            "qElemNo": 0,
            "qSubNodes": Array [],
            "qType": "E",
            "qUp": 1,
          },
        ],
        "qType": "E",
        "qUp": 1,
      },
      "root": Object {
        "incrementLeafCount": [Function],
        "leafCount": 4,
        "parent": null,
        "ref": Object {
          "qDown": 2,
          "qElemNo": 1,
          "qSubNodes": Array [
            Object {
              "qDown": 2,
              "qElemNo": 0,
              "qSubNodes": Array [
                Object {
                  "qDown": 2,
                  "qElemNo": 0,
                  "qSubNodes": Array [],
                  "qType": "E",
                  "qUp": 1,
                },
              ],
              "qType": "E",
              "qUp": 1,
            },
          ],
          "qType": "N",
          "qUp": 1,
        },
        "root": null,
        "x": 0,
        "y": 1,
      },
      "x": 1,
      "y": 1,
    },
    Object {
      "incrementLeafCount": [Function],
      "leafCount": 4,
      "parent": Object {
        "incrementLeafCount": [Function],
        "leafCount": 6,
        "parent": null,
        "ref": Object {
          "qCanCollapse": true,
          "qDown": 2,
          "qElemNo": 2,
          "qSubNodes": Array [
            Object {
              "qDown": 2,
              "qElemNo": 0,
              "qSubNodes": Array [
                Object {
                  "qDown": 2,
                  "qElemNo": 0,
                  "qSubNodes": Array [],
                  "qType": "E",
                  "qUp": 1,
                },
              ],
              "qType": "N",
              "qUp": 1,
            },
            Object {
              "qCanCollapse": true,
              "qDown": 2,
              "qElemNo": 1,
              "qSubNodes": Array [
                Object {
                  "qDown": 2,
                  "qElemNo": 0,
                  "qSubNodes": Array [],
                  "qType": "N",
                  "qUp": 1,
                },
                Object {
                  "qDown": 2,
                  "qElemNo": 1,
                  "qSubNodes": Array [],
                  "qType": "N",
                  "qUp": 1,
                },
              ],
              "qType": "N",
              "qUp": 1,
            },
          ],
          "qType": "N",
          "qUp": 1,
        },
        "root": null,
        "x": 0,
        "y": 2,
      },
      "ref": Object {
        "qDown": 2,
        "qElemNo": 0,
        "qSubNodes": Array [
          Object {
            "qDown": 2,
            "qElemNo": 0,
            "qSubNodes": Array [],
            "qType": "E",
            "qUp": 1,
          },
        ],
        "qType": "N",
        "qUp": 1,
      },
      "root": Object {
        "incrementLeafCount": [Function],
        "leafCount": 6,
        "parent": null,
        "ref": Object {
          "qCanCollapse": true,
          "qDown": 2,
          "qElemNo": 2,
          "qSubNodes": Array [
            Object {
              "qDown": 2,
              "qElemNo": 0,
              "qSubNodes": Array [
                Object {
                  "qDown": 2,
                  "qElemNo": 0,
                  "qSubNodes": Array [],
                  "qType": "E",
                  "qUp": 1,
                },
              ],
              "qType": "N",
              "qUp": 1,
            },
            Object {
              "qCanCollapse": true,
              "qDown": 2,
              "qElemNo": 1,
              "qSubNodes": Array [
                Object {
                  "qDown": 2,
                  "qElemNo": 0,
                  "qSubNodes": Array [],
                  "qType": "N",
                  "qUp": 1,
                },
                Object {
                  "qDown": 2,
                  "qElemNo": 1,
                  "qSubNodes": Array [],
                  "qType": "N",
                  "qUp": 1,
                },
              ],
              "qType": "N",
              "qUp": 1,
            },
          ],
          "qType": "N",
          "qUp": 1,
        },
        "root": null,
        "x": 0,
        "y": 2,
      },
      "x": 1,
      "y": 2,
    },
    Object {
      "incrementLeafCount": [Function],
      "leafCount": 5,
      "parent": Object {
        "incrementLeafCount": [Function],
        "leafCount": 6,
        "parent": null,
        "ref": Object {
          "qCanCollapse": true,
          "qDown": 2,
          "qElemNo": 2,
          "qSubNodes": Array [
            Object {
              "qDown": 2,
              "qElemNo": 0,
              "qSubNodes": Array [
                Object {
                  "qDown": 2,
                  "qElemNo": 0,
                  "qSubNodes": Array [],
                  "qType": "E",
                  "qUp": 1,
                },
              ],
              "qType": "N",
              "qUp": 1,
            },
            Object {
              "qCanCollapse": true,
              "qDown": 2,
              "qElemNo": 1,
              "qSubNodes": Array [
                Object {
                  "qDown": 2,
                  "qElemNo": 0,
                  "qSubNodes": Array [],
                  "qType": "N",
                  "qUp": 1,
                },
                Object {
                  "qDown": 2,
                  "qElemNo": 1,
                  "qSubNodes": Array [],
                  "qType": "N",
                  "qUp": 1,
                },
              ],
              "qType": "N",
              "qUp": 1,
            },
          ],
          "qType": "N",
          "qUp": 1,
        },
        "root": null,
        "x": 0,
        "y": 2,
      },
      "ref": Object {
        "qCanCollapse": true,
        "qDown": 2,
        "qElemNo": 1,
        "qSubNodes": Array [
          Object {
            "qDown": 2,
            "qElemNo": 0,
            "qSubNodes": Array [],
            "qType": "N",
            "qUp": 1,
          },
          Object {
            "qDown": 2,
            "qElemNo": 1,
            "qSubNodes": Array [],
            "qType": "N",
            "qUp": 1,
          },
        ],
        "qType": "N",
        "qUp": 1,
      },
      "root": Object {
        "incrementLeafCount": [Function],
        "leafCount": 6,
        "parent": null,
        "ref": Object {
          "qCanCollapse": true,
          "qDown": 2,
          "qElemNo": 2,
          "qSubNodes": Array [
            Object {
              "qDown": 2,
              "qElemNo": 0,
              "qSubNodes": Array [
                Object {
                  "qDown": 2,
                  "qElemNo": 0,
                  "qSubNodes": Array [],
                  "qType": "E",
                  "qUp": 1,
                },
              ],
              "qType": "N",
              "qUp": 1,
            },
            Object {
              "qCanCollapse": true,
              "qDown": 2,
              "qElemNo": 1,
              "qSubNodes": Array [
                Object {
                  "qDown": 2,
                  "qElemNo": 0,
                  "qSubNodes": Array [],
                  "qType": "N",
                  "qUp": 1,
                },
                Object {
                  "qDown": 2,
                  "qElemNo": 1,
                  "qSubNodes": Array [],
                  "qType": "N",
                  "qUp": 1,
                },
              ],
              "qType": "N",
              "qUp": 1,
            },
          ],
          "qType": "N",
          "qUp": 1,
        },
        "root": null,
        "x": 0,
        "y": 2,
      },
      "x": 1,
      "y": 3,
    },
  ],
  Array [
    Object {
      "incrementLeafCount": [Function],
      "leafCount": 3,
      "parent": Object {
        "incrementLeafCount": [Function],
        "leafCount": 4,
        "parent": Object {
          "incrementLeafCount": [Function],
          "leafCount": 4,
          "parent": null,
          "ref": Object {
            "qDown": 2,
            "qElemNo": 0,
            "qSubNodes": Array [
              Object {
                "qDown": 2,
                "qElemNo": 0,
                "qSubNodes": Array [
                  Object {
                    "qDown": 2,
                    "qElemNo": 0,
                    "qSubNodes": Array [],
                    "qType": "E",
                    "qUp": 1,
                  },
                ],
                "qType": "E",
                "qUp": 1,
              },
            ],
            "qType": "N",
            "qUp": 1,
          },
          "root": null,
          "x": 0,
          "y": 0,
        },
        "ref": Object {
          "qDown": 2,
          "qElemNo": 0,
          "qSubNodes": Array [
            Object {
              "qDown": 2,
              "qElemNo": 0,
              "qSubNodes": Array [],
              "qType": "E",
              "qUp": 1,
            },
          ],
          "qType": "E",
          "qUp": 1,
        },
        "root": Object {
          "incrementLeafCount": [Function],
          "leafCount": 4,
          "parent": null,
          "ref": Object {
            "qDown": 2,
            "qElemNo": 0,
            "qSubNodes": Array [
              Object {
                "qDown": 2,
                "qElemNo": 0,
                "qSubNodes": Array [
                  Object {
                    "qDown": 2,
                    "qElemNo": 0,
                    "qSubNodes": Array [],
                    "qType": "E",
                    "qUp": 1,
                  },
                ],
                "qType": "E",
                "qUp": 1,
              },
            ],
            "qType": "N",
            "qUp": 1,
          },
          "root": null,
          "x": 0,
          "y": 0,
        },
        "x": 1,
        "y": 0,
      },
      "ref": Object {
        "qDown": 2,
        "qElemNo": 0,
        "qSubNodes": Array [],
        "qType": "E",
        "qUp": 1,
      },
      "root": Object {
        "incrementLeafCount": [Function],
        "leafCount": 4,
        "parent": null,
        "ref": Object {
          "qDown": 2,
          "qElemNo": 0,
          "qSubNodes": Array [
            Object {
              "qDown": 2,
              "qElemNo": 0,
              "qSubNodes": Array [
                Object {
                  "qDown": 2,
                  "qElemNo": 0,
                  "qSubNodes": Array [],
                  "qType": "E",
                  "qUp": 1,
                },
              ],
              "qType": "E",
              "qUp": 1,
            },
          ],
          "qType": "N",
          "qUp": 1,
        },
        "root": null,
        "x": 0,
        "y": 0,
      },
      "x": 2,
      "y": 0,
    },
    Object {
      "incrementLeafCount": [Function],
      "leafCount": 3,
      "parent": Object {
        "incrementLeafCount": [Function],
        "leafCount": 4,
        "parent": Object {
          "incrementLeafCount": [Function],
          "leafCount": 4,
          "parent": null,
          "ref": Object {
            "qDown": 2,
            "qElemNo": 1,
            "qSubNodes": Array [
              Object {
                "qDown": 2,
                "qElemNo": 0,
                "qSubNodes": Array [
                  Object {
                    "qDown": 2,
                    "qElemNo": 0,
                    "qSubNodes": Array [],
                    "qType": "E",
                    "qUp": 1,
                  },
                ],
                "qType": "E",
                "qUp": 1,
              },
            ],
            "qType": "N",
            "qUp": 1,
          },
          "root": null,
          "x": 0,
          "y": 1,
        },
        "ref": Object {
          "qDown": 2,
          "qElemNo": 0,
          "qSubNodes": Array [
            Object {
              "qDown": 2,
              "qElemNo": 0,
              "qSubNodes": Array [],
              "qType": "E",
              "qUp": 1,
            },
          ],
          "qType": "E",
          "qUp": 1,
        },
        "root": Object {
          "incrementLeafCount": [Function],
          "leafCount": 4,
          "parent": null,
          "ref": Object {
            "qDown": 2,
            "qElemNo": 1,
            "qSubNodes": Array [
              Object {
                "qDown": 2,
                "qElemNo": 0,
                "qSubNodes": Array [
                  Object {
                    "qDown": 2,
                    "qElemNo": 0,
                    "qSubNodes": Array [],
                    "qType": "E",
                    "qUp": 1,
                  },
                ],
                "qType": "E",
                "qUp": 1,
              },
            ],
            "qType": "N",
            "qUp": 1,
          },
          "root": null,
          "x": 0,
          "y": 1,
        },
        "x": 1,
        "y": 1,
      },
      "ref": Object {
        "qDown": 2,
        "qElemNo": 0,
        "qSubNodes": Array [],
        "qType": "E",
        "qUp": 1,
      },
      "root": Object {
        "incrementLeafCount": [Function],
        "leafCount": 4,
        "parent": null,
        "ref": Object {
          "qDown": 2,
          "qElemNo": 1,
          "qSubNodes": Array [
            Object {
              "qDown": 2,
              "qElemNo": 0,
              "qSubNodes": Array [
                Object {
                  "qDown": 2,
                  "qElemNo": 0,
                  "qSubNodes": Array [],
                  "qType": "E",
                  "qUp": 1,
                },
              ],
              "qType": "E",
              "qUp": 1,
            },
          ],
          "qType": "N",
          "qUp": 1,
        },
        "root": null,
        "x": 0,
        "y": 1,
      },
      "x": 2,
      "y": 1,
    },
    Object {
      "incrementLeafCount": [Function],
      "leafCount": 3,
      "parent": Object {
        "incrementLeafCount": [Function],
        "leafCount": 4,
        "parent": Object {
          "incrementLeafCount": [Function],
          "leafCount": 6,
          "parent": null,
          "ref": Object {
            "qCanCollapse": true,
            "qDown": 2,
            "qElemNo": 2,
            "qSubNodes": Array [
              Object {
                "qDown": 2,
                "qElemNo": 0,
                "qSubNodes": Array [
                  Object {
                    "qDown": 2,
                    "qElemNo": 0,
                    "qSubNodes": Array [],
                    "qType": "E",
                    "qUp": 1,
                  },
                ],
                "qType": "N",
                "qUp": 1,
              },
              Object {
                "qCanCollapse": true,
                "qDown": 2,
                "qElemNo": 1,
                "qSubNodes": Array [
                  Object {
                    "qDown": 2,
                    "qElemNo": 0,
                    "qSubNodes": Array [],
                    "qType": "N",
                    "qUp": 1,
                  },
                  Object {
                    "qDown": 2,
                    "qElemNo": 1,
                    "qSubNodes": Array [],
                    "qType": "N",
                    "qUp": 1,
                  },
                ],
                "qType": "N",
                "qUp": 1,
              },
            ],
            "qType": "N",
            "qUp": 1,
          },
          "root": null,
          "x": 0,
          "y": 2,
        },
        "ref": Object {
          "qDown": 2,
          "qElemNo": 0,
          "qSubNodes": Array [
            Object {
              "qDown": 2,
              "qElemNo": 0,
              "qSubNodes": Array [],
              "qType": "E",
              "qUp": 1,
            },
          ],
          "qType": "N",
          "qUp": 1,
        },
        "root": Object {
          "incrementLeafCount": [Function],
          "leafCount": 6,
          "parent": null,
          "ref": Object {
            "qCanCollapse": true,
            "qDown": 2,
            "qElemNo": 2,
            "qSubNodes": Array [
              Object {
                "qDown": 2,
                "qElemNo": 0,
                "qSubNodes": Array [
                  Object {
                    "qDown": 2,
                    "qElemNo": 0,
                    "qSubNodes": Array [],
                    "qType": "E",
                    "qUp": 1,
                  },
                ],
                "qType": "N",
                "qUp": 1,
              },
              Object {
                "qCanCollapse": true,
                "qDown": 2,
                "qElemNo": 1,
                "qSubNodes": Array [
                  Object {
                    "qDown": 2,
                    "qElemNo": 0,
                    "qSubNodes": Array [],
                    "qType": "N",
                    "qUp": 1,
                  },
                  Object {
                    "qDown": 2,
                    "qElemNo": 1,
                    "qSubNodes": Array [],
                    "qType": "N",
                    "qUp": 1,
                  },
                ],
                "qType": "N",
                "qUp": 1,
              },
            ],
            "qType": "N",
            "qUp": 1,
          },
          "root": null,
          "x": 0,
          "y": 2,
        },
        "x": 1,
        "y": 2,
      },
      "ref": Object {
        "qDown": 2,
        "qElemNo": 0,
        "qSubNodes": Array [],
        "qType": "E",
        "qUp": 1,
      },
      "root": Object {
        "incrementLeafCount": [Function],
        "leafCount": 6,
        "parent": null,
        "ref": Object {
          "qCanCollapse": true,
          "qDown": 2,
          "qElemNo": 2,
          "qSubNodes": Array [
            Object {
              "qDown": 2,
              "qElemNo": 0,
              "qSubNodes": Array [
                Object {
                  "qDown": 2,
                  "qElemNo": 0,
                  "qSubNodes": Array [],
                  "qType": "E",
                  "qUp": 1,
                },
              ],
              "qType": "N",
              "qUp": 1,
            },
            Object {
              "qCanCollapse": true,
              "qDown": 2,
              "qElemNo": 1,
              "qSubNodes": Array [
                Object {
                  "qDown": 2,
                  "qElemNo": 0,
                  "qSubNodes": Array [],
                  "qType": "N",
                  "qUp": 1,
                },
                Object {
                  "qDown": 2,
                  "qElemNo": 1,
                  "qSubNodes": Array [],
                  "qType": "N",
                  "qUp": 1,
                },
              ],
              "qType": "N",
              "qUp": 1,
            },
          ],
          "qType": "N",
          "qUp": 1,
        },
        "root": null,
        "x": 0,
        "y": 2,
      },
      "x": 2,
      "y": 2,
    },
    Object {
      "incrementLeafCount": [Function],
      "leafCount": 3,
      "parent": Object {
        "incrementLeafCount": [Function],
        "leafCount": 5,
        "parent": Object {
          "incrementLeafCount": [Function],
          "leafCount": 6,
          "parent": null,
          "ref": Object {
            "qCanCollapse": true,
            "qDown": 2,
            "qElemNo": 2,
            "qSubNodes": Array [
              Object {
                "qDown": 2,
                "qElemNo": 0,
                "qSubNodes": Array [
                  Object {
                    "qDown": 2,
                    "qElemNo": 0,
                    "qSubNodes": Array [],
                    "qType": "E",
                    "qUp": 1,
                  },
                ],
                "qType": "N",
                "qUp": 1,
              },
              Object {
                "qCanCollapse": true,
                "qDown": 2,
                "qElemNo": 1,
                "qSubNodes": Array [
                  Object {
                    "qDown": 2,
                    "qElemNo": 0,
                    "qSubNodes": Array [],
                    "qType": "N",
                    "qUp": 1,
                  },
                  Object {
                    "qDown": 2,
                    "qElemNo": 1,
                    "qSubNodes": Array [],
                    "qType": "N",
                    "qUp": 1,
                  },
                ],
                "qType": "N",
                "qUp": 1,
              },
            ],
            "qType": "N",
            "qUp": 1,
          },
          "root": null,
          "x": 0,
          "y": 2,
        },
        "ref": Object {
          "qCanCollapse": true,
          "qDown": 2,
          "qElemNo": 1,
          "qSubNodes": Array [
            Object {
              "qDown": 2,
              "qElemNo": 0,
              "qSubNodes": Array [],
              "qType": "N",
              "qUp": 1,
            },
            Object {
              "qDown": 2,
              "qElemNo": 1,
              "qSubNodes": Array [],
              "qType": "N",
              "qUp": 1,
            },
          ],
          "qType": "N",
          "qUp": 1,
        },
        "root": Object {
          "incrementLeafCount": [Function],
          "leafCount": 6,
          "parent": null,
          "ref": Object {
            "qCanCollapse": true,
            "qDown": 2,
            "qElemNo": 2,
            "qSubNodes": Array [
              Object {
                "qDown": 2,
                "qElemNo": 0,
                "qSubNodes": Array [
                  Object {
                    "qDown": 2,
                    "qElemNo": 0,
                    "qSubNodes": Array [],
                    "qType": "E",
                    "qUp": 1,
                  },
                ],
                "qType": "N",
                "qUp": 1,
              },
              Object {
                "qCanCollapse": true,
                "qDown": 2,
                "qElemNo": 1,
                "qSubNodes": Array [
                  Object {
                    "qDown": 2,
                    "qElemNo": 0,
                    "qSubNodes": Array [],
                    "qType": "N",
                    "qUp": 1,
                  },
                  Object {
                    "qDown": 2,
                    "qElemNo": 1,
                    "qSubNodes": Array [],
                    "qType": "N",
                    "qUp": 1,
                  },
                ],
                "qType": "N",
                "qUp": 1,
              },
            ],
            "qType": "N",
            "qUp": 1,
          },
          "root": null,
          "x": 0,
          "y": 2,
        },
        "x": 1,
        "y": 3,
      },
      "ref": Object {
        "qDown": 2,
        "qElemNo": 0,
        "qSubNodes": Array [],
        "qType": "N",
        "qUp": 1,
      },
      "root": Object {
        "incrementLeafCount": [Function],
        "leafCount": 6,
        "parent": null,
        "ref": Object {
          "qCanCollapse": true,
          "qDown": 2,
          "qElemNo": 2,
          "qSubNodes": Array [
            Object {
              "qDown": 2,
              "qElemNo": 0,
              "qSubNodes": Array [
                Object {
                  "qDown": 2,
                  "qElemNo": 0,
                  "qSubNodes": Array [],
                  "qType": "E",
                  "qUp": 1,
                },
              ],
              "qType": "N",
              "qUp": 1,
            },
            Object {
              "qCanCollapse": true,
              "qDown": 2,
              "qElemNo": 1,
              "qSubNodes": Array [
                Object {
                  "qDown": 2,
                  "qElemNo": 0,
                  "qSubNodes": Array [],
                  "qType": "N",
                  "qUp": 1,
                },
                Object {
                  "qDown": 2,
                  "qElemNo": 1,
                  "qSubNodes": Array [],
                  "qType": "N",
                  "qUp": 1,
                },
              ],
              "qType": "N",
              "qUp": 1,
            },
          ],
          "qType": "N",
          "qUp": 1,
        },
        "root": null,
        "x": 0,
        "y": 2,
      },
      "x": 2,
      "y": 3,
    },
    Object {
      "incrementLeafCount": [Function],
      "leafCount": 3,
      "parent": Object {
        "incrementLeafCount": [Function],
        "leafCount": 5,
        "parent": Object {
          "incrementLeafCount": [Function],
          "leafCount": 6,
          "parent": null,
          "ref": Object {
            "qCanCollapse": true,
            "qDown": 2,
            "qElemNo": 2,
            "qSubNodes": Array [
              Object {
                "qDown": 2,
                "qElemNo": 0,
                "qSubNodes": Array [
                  Object {
                    "qDown": 2,
                    "qElemNo": 0,
                    "qSubNodes": Array [],
                    "qType": "E",
                    "qUp": 1,
                  },
                ],
                "qType": "N",
                "qUp": 1,
              },
              Object {
                "qCanCollapse": true,
                "qDown": 2,
                "qElemNo": 1,
                "qSubNodes": Array [
                  Object {
                    "qDown": 2,
                    "qElemNo": 0,
                    "qSubNodes": Array [],
                    "qType": "N",
                    "qUp": 1,
                  },
                  Object {
                    "qDown": 2,
                    "qElemNo": 1,
                    "qSubNodes": Array [],
                    "qType": "N",
                    "qUp": 1,
                  },
                ],
                "qType": "N",
                "qUp": 1,
              },
            ],
            "qType": "N",
            "qUp": 1,
          },
          "root": null,
          "x": 0,
          "y": 2,
        },
        "ref": Object {
          "qCanCollapse": true,
          "qDown": 2,
          "qElemNo": 1,
          "qSubNodes": Array [
            Object {
              "qDown": 2,
              "qElemNo": 0,
              "qSubNodes": Array [],
              "qType": "N",
              "qUp": 1,
            },
            Object {
              "qDown": 2,
              "qElemNo": 1,
              "qSubNodes": Array [],
              "qType": "N",
              "qUp": 1,
            },
          ],
          "qType": "N",
          "qUp": 1,
        },
        "root": Object {
          "incrementLeafCount": [Function],
          "leafCount": 6,
          "parent": null,
          "ref": Object {
            "qCanCollapse": true,
            "qDown": 2,
            "qElemNo": 2,
            "qSubNodes": Array [
              Object {
                "qDown": 2,
                "qElemNo": 0,
                "qSubNodes": Array [
                  Object {
                    "qDown": 2,
                    "qElemNo": 0,
                    "qSubNodes": Array [],
                    "qType": "E",
                    "qUp": 1,
                  },
                ],
                "qType": "N",
                "qUp": 1,
              },
              Object {
                "qCanCollapse": true,
                "qDown": 2,
                "qElemNo": 1,
                "qSubNodes": Array [
                  Object {
                    "qDown": 2,
                    "qElemNo": 0,
                    "qSubNodes": Array [],
                    "qType": "N",
                    "qUp": 1,
                  },
                  Object {
                    "qDown": 2,
                    "qElemNo": 1,
                    "qSubNodes": Array [],
                    "qType": "N",
                    "qUp": 1,
                  },
                ],
                "qType": "N",
                "qUp": 1,
              },
            ],
            "qType": "N",
            "qUp": 1,
          },
          "root": null,
          "x": 0,
          "y": 2,
        },
        "x": 1,
        "y": 3,
      },
      "ref": Object {
        "qDown": 2,
        "qElemNo": 1,
        "qSubNodes": Array [],
        "qType": "N",
        "qUp": 1,
      },
      "root": Object {
        "incrementLeafCount": [Function],
        "leafCount": 6,
        "parent": null,
        "ref": Object {
          "qCanCollapse": true,
          "qDown": 2,
          "qElemNo": 2,
          "qSubNodes": Array [
            Object {
              "qDown": 2,
              "qElemNo": 0,
              "qSubNodes": Array [
                Object {
                  "qDown": 2,
                  "qElemNo": 0,
                  "qSubNodes": Array [],
                  "qType": "E",
                  "qUp": 1,
                },
              ],
              "qType": "N",
              "qUp": 1,
            },
            Object {
              "qCanCollapse": true,
              "qDown": 2,
              "qElemNo": 1,
              "qSubNodes": Array [
                Object {
                  "qDown": 2,
                  "qElemNo": 0,
                  "qSubNodes": Array [],
                  "qType": "N",
                  "qUp": 1,
                },
                Object {
                  "qDown": 2,
                  "qElemNo": 1,
                  "qSubNodes": Array [],
                  "qType": "N",
                  "qUp": 1,
                },
              ],
              "qType": "N",
              "qUp": 1,
            },
          ],
          "qType": "N",
          "qUp": 1,
        },
        "root": null,
        "x": 0,
        "y": 2,
      },
      "x": 2,
      "y": 4,
    },
  ],
]
`;

exports[`extractLeftGrid should extract left data with first node expanded 1`] = `
Array [
  Array [
    Object {
      "incrementLeafCount": [Function],
      "leafCount": 5,
      "parent": null,
      "ref": Object {
        "qCanCollapse": true,
        "qDown": 2,
        "qElemNo": 0,
        "qSubNodes": Array [
          Object {
            "qDown": 2,
            "qElemNo": 0,
            "qSubNodes": Array [],
            "qType": "N",
            "qUp": 1,
          },
          Object {
            "qDown": 2,
            "qElemNo": 1,
            "qSubNodes": Array [],
            "qType": "N",
            "qUp": 1,
          },
        ],
        "qType": "N",
        "qUp": 1,
      },
      "root": null,
      "x": 0,
      "y": 0,
    },
    Object {
      "incrementLeafCount": [Function],
      "leafCount": 3,
      "parent": null,
      "ref": Object {
        "qDown": 2,
        "qElemNo": 1,
        "qSubNodes": Array [],
        "qType": "N",
        "qUp": 1,
      },
      "root": null,
      "x": 0,
      "y": 1,
    },
    Object {
      "incrementLeafCount": [Function],
      "leafCount": 3,
      "parent": null,
      "ref": Object {
        "qDown": 2,
        "qElemNo": 1,
        "qSubNodes": Array [],
        "qType": "N",
        "qUp": 1,
      },
      "root": null,
      "x": 0,
      "y": 2,
    },
    Object {
      "incrementLeafCount": [Function],
      "leafCount": 3,
      "parent": null,
      "ref": Object {
        "qDown": 2,
        "qElemNo": 2,
        "qSubNodes": Array [],
        "qType": "N",
        "qUp": 1,
      },
      "root": null,
      "x": 0,
      "y": 3,
    },
  ],
  Array [
    Object {
      "incrementLeafCount": [Function],
      "leafCount": 3,
      "parent": Object {
        "incrementLeafCount": [Function],
        "leafCount": 5,
        "parent": null,
        "ref": Object {
          "qCanCollapse": true,
          "qDown": 2,
          "qElemNo": 0,
          "qSubNodes": Array [
            Object {
              "qDown": 2,
              "qElemNo": 0,
              "qSubNodes": Array [],
              "qType": "N",
              "qUp": 1,
            },
            Object {
              "qDown": 2,
              "qElemNo": 1,
              "qSubNodes": Array [],
              "qType": "N",
              "qUp": 1,
            },
          ],
          "qType": "N",
          "qUp": 1,
        },
        "root": null,
        "x": 0,
        "y": 0,
      },
      "ref": Object {
        "qDown": 2,
        "qElemNo": 0,
        "qSubNodes": Array [],
        "qType": "N",
        "qUp": 1,
      },
      "root": Object {
        "incrementLeafCount": [Function],
        "leafCount": 5,
        "parent": null,
        "ref": Object {
          "qCanCollapse": true,
          "qDown": 2,
          "qElemNo": 0,
          "qSubNodes": Array [
            Object {
              "qDown": 2,
              "qElemNo": 0,
              "qSubNodes": Array [],
              "qType": "N",
              "qUp": 1,
            },
            Object {
              "qDown": 2,
              "qElemNo": 1,
              "qSubNodes": Array [],
              "qType": "N",
              "qUp": 1,
            },
          ],
          "qType": "N",
          "qUp": 1,
        },
        "root": null,
        "x": 0,
        "y": 0,
      },
      "x": 1,
      "y": 0,
    },
    Object {
      "incrementLeafCount": [Function],
      "leafCount": 3,
      "parent": Object {
        "incrementLeafCount": [Function],
        "leafCount": 5,
        "parent": null,
        "ref": Object {
          "qCanCollapse": true,
          "qDown": 2,
          "qElemNo": 0,
          "qSubNodes": Array [
            Object {
              "qDown": 2,
              "qElemNo": 0,
              "qSubNodes": Array [],
              "qType": "N",
              "qUp": 1,
            },
            Object {
              "qDown": 2,
              "qElemNo": 1,
              "qSubNodes": Array [],
              "qType": "N",
              "qUp": 1,
            },
          ],
          "qType": "N",
          "qUp": 1,
        },
        "root": null,
        "x": 0,
        "y": 0,
      },
      "ref": Object {
        "qDown": 2,
        "qElemNo": 1,
        "qSubNodes": Array [],
        "qType": "N",
        "qUp": 1,
      },
      "root": Object {
        "incrementLeafCount": [Function],
        "leafCount": 5,
        "parent": null,
        "ref": Object {
          "qCanCollapse": true,
          "qDown": 2,
          "qElemNo": 0,
          "qSubNodes": Array [
            Object {
              "qDown": 2,
              "qElemNo": 0,
              "qSubNodes": Array [],
              "qType": "N",
              "qUp": 1,
            },
            Object {
              "qDown": 2,
              "qElemNo": 1,
              "qSubNodes": Array [],
              "qType": "N",
              "qUp": 1,
            },
          ],
          "qType": "N",
          "qUp": 1,
        },
        "root": null,
        "x": 0,
        "y": 0,
      },
      "x": 1,
      "y": 1,
    },
  ],
]
`;

exports[`extractLeftGrid should extract left data with no nodes expanded 1`] = `
Array [
  Array [
    Object {
      "incrementLeafCount": [Function],
      "leafCount": 3,
      "parent": null,
      "ref": Object {
        "qDown": 2,
        "qElemNo": 0,
        "qSubNodes": Array [],
        "qType": "N",
        "qUp": 1,
      },
      "root": null,
      "x": 0,
      "y": 0,
    },
    Object {
      "incrementLeafCount": [Function],
      "leafCount": 3,
      "parent": null,
      "ref": Object {
        "qDown": 2,
        "qElemNo": 1,
        "qSubNodes": Array [],
        "qType": "N",
        "qUp": 1,
      },
      "root": null,
      "x": 0,
      "y": 1,
    },
    Object {
      "incrementLeafCount": [Function],
      "leafCount": 3,
      "parent": null,
      "ref": Object {
        "qDown": 2,
        "qElemNo": 2,
        "qSubNodes": Array [],
        "qType": "N",
        "qUp": 1,
      },
      "root": null,
      "x": 0,
      "y": 2,
    },
  ],
]
`;
