// Jest Snapshot v1, https://goo.gl/fbAQLP

exports[`extractTop should extract top data when data tree has a depth of 2 1`] = `
[
  {
    "0": {
      "distanceToNextCell": 0,
      "incrementLeafCount": [Function],
      "isTotalCell": false,
      "leafCount": 4,
      "pageX": 0,
      "pageY": 0,
      "parent": null,
      "ref": {
        "qDown": 2,
        "qElemNo": 0,
        "qSubNodes": [
          {
            "qDown": 2,
            "qElemNo": 0,
            "qSubNodes": [
              {
                "qDown": 2,
                "qElemNo": 0,
                "qSubNodes": [],
                "qType": "E",
                "qUp": 1,
              },
            ],
            "qType": "E",
            "qUp": 1,
          },
        ],
        "qType": "N",
        "qUp": 1,
      },
      "root": null,
      "x": 0,
      "y": 0,
    },
    "1": {
      "distanceToNextCell": 0,
      "incrementLeafCount": [Function],
      "isTotalCell": false,
      "leafCount": 4,
      "pageX": 1,
      "pageY": 0,
      "parent": null,
      "ref": {
        "qDown": 2,
        "qElemNo": 1,
        "qSubNodes": [
          {
            "qDown": 2,
            "qElemNo": 0,
            "qSubNodes": [
              {
                "qDown": 2,
                "qElemNo": 0,
                "qSubNodes": [],
                "qType": "E",
                "qUp": 1,
              },
            ],
            "qType": "E",
            "qUp": 1,
          },
        ],
        "qType": "N",
        "qUp": 1,
      },
      "root": null,
      "x": 1,
      "y": 0,
    },
    "2": {
      "distanceToNextCell": 0,
      "incrementLeafCount": [Function],
      "isTotalCell": false,
      "leafCount": 6,
      "pageX": 2,
      "pageY": 0,
      "parent": null,
      "ref": {
        "qDown": 2,
        "qElemNo": 2,
        "qSubNodes": [
          {
            "qDown": 2,
            "qElemNo": 0,
            "qSubNodes": [
              {
                "qDown": 2,
                "qElemNo": 0,
                "qSubNodes": [],
                "qType": "E",
                "qUp": 1,
              },
            ],
            "qType": "N",
            "qUp": 1,
          },
          {
            "qDown": 2,
            "qElemNo": 1,
            "qSubNodes": [
              {
                "qDown": 2,
                "qElemNo": 0,
                "qSubNodes": [],
                "qType": "N",
                "qUp": 1,
              },
              {
                "qDown": 2,
                "qElemNo": 1,
                "qSubNodes": [],
                "qType": "N",
                "qUp": 1,
              },
            ],
            "qType": "N",
            "qUp": 1,
          },
        ],
        "qType": "N",
        "qUp": 1,
      },
      "root": null,
      "x": 2,
      "y": 0,
    },
    "3": {
      "distanceToNextCell": 0,
      "incrementLeafCount": [Function],
      "isTotalCell": false,
      "leafCount": 3,
      "pageX": 3,
      "pageY": 0,
      "parent": null,
      "ref": {
        "qDown": 2,
        "qElemNo": 2,
        "qSubNodes": [],
        "qType": "N",
        "qUp": 1,
      },
      "root": null,
      "x": 3,
      "y": 0,
    },
  },
  {
    "0": {
      "distanceToNextCell": 0,
      "incrementLeafCount": [Function],
      "isTotalCell": false,
      "leafCount": 4,
      "pageX": 0,
      "pageY": 1,
      "parent": {
        "distanceToNextCell": 0,
        "incrementLeafCount": [Function],
        "isTotalCell": false,
        "leafCount": 4,
        "pageX": 0,
        "pageY": 0,
        "parent": null,
        "ref": {
          "qDown": 2,
          "qElemNo": 0,
          "qSubNodes": [
            {
              "qDown": 2,
              "qElemNo": 0,
              "qSubNodes": [
                {
                  "qDown": 2,
                  "qElemNo": 0,
                  "qSubNodes": [],
                  "qType": "E",
                  "qUp": 1,
                },
              ],
              "qType": "E",
              "qUp": 1,
            },
          ],
          "qType": "N",
          "qUp": 1,
        },
        "root": null,
        "x": 0,
        "y": 0,
      },
      "ref": {
        "qDown": 2,
        "qElemNo": 0,
        "qSubNodes": [
          {
            "qDown": 2,
            "qElemNo": 0,
            "qSubNodes": [],
            "qType": "E",
            "qUp": 1,
          },
        ],
        "qType": "E",
        "qUp": 1,
      },
      "root": {
        "distanceToNextCell": 0,
        "incrementLeafCount": [Function],
        "isTotalCell": false,
        "leafCount": 4,
        "pageX": 0,
        "pageY": 0,
        "parent": null,
        "ref": {
          "qDown": 2,
          "qElemNo": 0,
          "qSubNodes": [
            {
              "qDown": 2,
              "qElemNo": 0,
              "qSubNodes": [
                {
                  "qDown": 2,
                  "qElemNo": 0,
                  "qSubNodes": [],
                  "qType": "E",
                  "qUp": 1,
                },
              ],
              "qType": "E",
              "qUp": 1,
            },
          ],
          "qType": "N",
          "qUp": 1,
        },
        "root": null,
        "x": 0,
        "y": 0,
      },
      "x": 0,
      "y": 1,
    },
    "1": {
      "distanceToNextCell": 0,
      "incrementLeafCount": [Function],
      "isTotalCell": false,
      "leafCount": 4,
      "pageX": 1,
      "pageY": 1,
      "parent": {
        "distanceToNextCell": 0,
        "incrementLeafCount": [Function],
        "isTotalCell": false,
        "leafCount": 4,
        "pageX": 1,
        "pageY": 0,
        "parent": null,
        "ref": {
          "qDown": 2,
          "qElemNo": 1,
          "qSubNodes": [
            {
              "qDown": 2,
              "qElemNo": 0,
              "qSubNodes": [
                {
                  "qDown": 2,
                  "qElemNo": 0,
                  "qSubNodes": [],
                  "qType": "E",
                  "qUp": 1,
                },
              ],
              "qType": "E",
              "qUp": 1,
            },
          ],
          "qType": "N",
          "qUp": 1,
        },
        "root": null,
        "x": 1,
        "y": 0,
      },
      "ref": {
        "qDown": 2,
        "qElemNo": 0,
        "qSubNodes": [
          {
            "qDown": 2,
            "qElemNo": 0,
            "qSubNodes": [],
            "qType": "E",
            "qUp": 1,
          },
        ],
        "qType": "E",
        "qUp": 1,
      },
      "root": {
        "distanceToNextCell": 0,
        "incrementLeafCount": [Function],
        "isTotalCell": false,
        "leafCount": 4,
        "pageX": 1,
        "pageY": 0,
        "parent": null,
        "ref": {
          "qDown": 2,
          "qElemNo": 1,
          "qSubNodes": [
            {
              "qDown": 2,
              "qElemNo": 0,
              "qSubNodes": [
                {
                  "qDown": 2,
                  "qElemNo": 0,
                  "qSubNodes": [],
                  "qType": "E",
                  "qUp": 1,
                },
              ],
              "qType": "E",
              "qUp": 1,
            },
          ],
          "qType": "N",
          "qUp": 1,
        },
        "root": null,
        "x": 1,
        "y": 0,
      },
      "x": 1,
      "y": 1,
    },
    "2": {
      "distanceToNextCell": 0,
      "incrementLeafCount": [Function],
      "isTotalCell": false,
      "leafCount": 4,
      "pageX": 2,
      "pageY": 1,
      "parent": {
        "distanceToNextCell": 0,
        "incrementLeafCount": [Function],
        "isTotalCell": false,
        "leafCount": 6,
        "pageX": 2,
        "pageY": 0,
        "parent": null,
        "ref": {
          "qDown": 2,
          "qElemNo": 2,
          "qSubNodes": [
            {
              "qDown": 2,
              "qElemNo": 0,
              "qSubNodes": [
                {
                  "qDown": 2,
                  "qElemNo": 0,
                  "qSubNodes": [],
                  "qType": "E",
                  "qUp": 1,
                },
              ],
              "qType": "N",
              "qUp": 1,
            },
            {
              "qDown": 2,
              "qElemNo": 1,
              "qSubNodes": [
                {
                  "qDown": 2,
                  "qElemNo": 0,
                  "qSubNodes": [],
                  "qType": "N",
                  "qUp": 1,
                },
                {
                  "qDown": 2,
                  "qElemNo": 1,
                  "qSubNodes": [],
                  "qType": "N",
                  "qUp": 1,
                },
              ],
              "qType": "N",
              "qUp": 1,
            },
          ],
          "qType": "N",
          "qUp": 1,
        },
        "root": null,
        "x": 2,
        "y": 0,
      },
      "ref": {
        "qDown": 2,
        "qElemNo": 0,
        "qSubNodes": [
          {
            "qDown": 2,
            "qElemNo": 0,
            "qSubNodes": [],
            "qType": "E",
            "qUp": 1,
          },
        ],
        "qType": "N",
        "qUp": 1,
      },
      "root": {
        "distanceToNextCell": 0,
        "incrementLeafCount": [Function],
        "isTotalCell": false,
        "leafCount": 6,
        "pageX": 2,
        "pageY": 0,
        "parent": null,
        "ref": {
          "qDown": 2,
          "qElemNo": 2,
          "qSubNodes": [
            {
              "qDown": 2,
              "qElemNo": 0,
              "qSubNodes": [
                {
                  "qDown": 2,
                  "qElemNo": 0,
                  "qSubNodes": [],
                  "qType": "E",
                  "qUp": 1,
                },
              ],
              "qType": "N",
              "qUp": 1,
            },
            {
              "qDown": 2,
              "qElemNo": 1,
              "qSubNodes": [
                {
                  "qDown": 2,
                  "qElemNo": 0,
                  "qSubNodes": [],
                  "qType": "N",
                  "qUp": 1,
                },
                {
                  "qDown": 2,
                  "qElemNo": 1,
                  "qSubNodes": [],
                  "qType": "N",
                  "qUp": 1,
                },
              ],
              "qType": "N",
              "qUp": 1,
            },
          ],
          "qType": "N",
          "qUp": 1,
        },
        "root": null,
        "x": 2,
        "y": 0,
      },
      "x": 2,
      "y": 1,
    },
    "3": {
      "distanceToNextCell": 0,
      "incrementLeafCount": [Function],
      "isTotalCell": false,
      "leafCount": 5,
      "pageX": 3,
      "pageY": 1,
      "parent": {
        "distanceToNextCell": 0,
        "incrementLeafCount": [Function],
        "isTotalCell": false,
        "leafCount": 6,
        "pageX": 2,
        "pageY": 0,
        "parent": null,
        "ref": {
          "qDown": 2,
          "qElemNo": 2,
          "qSubNodes": [
            {
              "qDown": 2,
              "qElemNo": 0,
              "qSubNodes": [
                {
                  "qDown": 2,
                  "qElemNo": 0,
                  "qSubNodes": [],
                  "qType": "E",
                  "qUp": 1,
                },
              ],
              "qType": "N",
              "qUp": 1,
            },
            {
              "qDown": 2,
              "qElemNo": 1,
              "qSubNodes": [
                {
                  "qDown": 2,
                  "qElemNo": 0,
                  "qSubNodes": [],
                  "qType": "N",
                  "qUp": 1,
                },
                {
                  "qDown": 2,
                  "qElemNo": 1,
                  "qSubNodes": [],
                  "qType": "N",
                  "qUp": 1,
                },
              ],
              "qType": "N",
              "qUp": 1,
            },
          ],
          "qType": "N",
          "qUp": 1,
        },
        "root": null,
        "x": 2,
        "y": 0,
      },
      "ref": {
        "qDown": 2,
        "qElemNo": 1,
        "qSubNodes": [
          {
            "qDown": 2,
            "qElemNo": 0,
            "qSubNodes": [],
            "qType": "N",
            "qUp": 1,
          },
          {
            "qDown": 2,
            "qElemNo": 1,
            "qSubNodes": [],
            "qType": "N",
            "qUp": 1,
          },
        ],
        "qType": "N",
        "qUp": 1,
      },
      "root": {
        "distanceToNextCell": 0,
        "incrementLeafCount": [Function],
        "isTotalCell": false,
        "leafCount": 6,
        "pageX": 2,
        "pageY": 0,
        "parent": null,
        "ref": {
          "qDown": 2,
          "qElemNo": 2,
          "qSubNodes": [
            {
              "qDown": 2,
              "qElemNo": 0,
              "qSubNodes": [
                {
                  "qDown": 2,
                  "qElemNo": 0,
                  "qSubNodes": [],
                  "qType": "E",
                  "qUp": 1,
                },
              ],
              "qType": "N",
              "qUp": 1,
            },
            {
              "qDown": 2,
              "qElemNo": 1,
              "qSubNodes": [
                {
                  "qDown": 2,
                  "qElemNo": 0,
                  "qSubNodes": [],
                  "qType": "N",
                  "qUp": 1,
                },
                {
                  "qDown": 2,
                  "qElemNo": 1,
                  "qSubNodes": [],
                  "qType": "N",
                  "qUp": 1,
                },
              ],
              "qType": "N",
              "qUp": 1,
            },
          ],
          "qType": "N",
          "qUp": 1,
        },
        "root": null,
        "x": 2,
        "y": 0,
      },
      "x": 3,
      "y": 1,
    },
  },
  {
    "0": {
      "distanceToNextCell": 0,
      "incrementLeafCount": [Function],
      "isTotalCell": false,
      "leafCount": 3,
      "pageX": 0,
      "pageY": 2,
      "parent": {
        "distanceToNextCell": 0,
        "incrementLeafCount": [Function],
        "isTotalCell": false,
        "leafCount": 4,
        "pageX": 0,
        "pageY": 1,
        "parent": {
          "distanceToNextCell": 0,
          "incrementLeafCount": [Function],
          "isTotalCell": false,
          "leafCount": 4,
          "pageX": 0,
          "pageY": 0,
          "parent": null,
          "ref": {
            "qDown": 2,
            "qElemNo": 0,
            "qSubNodes": [
              {
                "qDown": 2,
                "qElemNo": 0,
                "qSubNodes": [
                  {
                    "qDown": 2,
                    "qElemNo": 0,
                    "qSubNodes": [],
                    "qType": "E",
                    "qUp": 1,
                  },
                ],
                "qType": "E",
                "qUp": 1,
              },
            ],
            "qType": "N",
            "qUp": 1,
          },
          "root": null,
          "x": 0,
          "y": 0,
        },
        "ref": {
          "qDown": 2,
          "qElemNo": 0,
          "qSubNodes": [
            {
              "qDown": 2,
              "qElemNo": 0,
              "qSubNodes": [],
              "qType": "E",
              "qUp": 1,
            },
          ],
          "qType": "E",
          "qUp": 1,
        },
        "root": {
          "distanceToNextCell": 0,
          "incrementLeafCount": [Function],
          "isTotalCell": false,
          "leafCount": 4,
          "pageX": 0,
          "pageY": 0,
          "parent": null,
          "ref": {
            "qDown": 2,
            "qElemNo": 0,
            "qSubNodes": [
              {
                "qDown": 2,
                "qElemNo": 0,
                "qSubNodes": [
                  {
                    "qDown": 2,
                    "qElemNo": 0,
                    "qSubNodes": [],
                    "qType": "E",
                    "qUp": 1,
                  },
                ],
                "qType": "E",
                "qUp": 1,
              },
            ],
            "qType": "N",
            "qUp": 1,
          },
          "root": null,
          "x": 0,
          "y": 0,
        },
        "x": 0,
        "y": 1,
      },
      "ref": {
        "qDown": 2,
        "qElemNo": 0,
        "qSubNodes": [],
        "qType": "E",
        "qUp": 1,
      },
      "root": {
        "distanceToNextCell": 0,
        "incrementLeafCount": [Function],
        "isTotalCell": false,
        "leafCount": 4,
        "pageX": 0,
        "pageY": 0,
        "parent": null,
        "ref": {
          "qDown": 2,
          "qElemNo": 0,
          "qSubNodes": [
            {
              "qDown": 2,
              "qElemNo": 0,
              "qSubNodes": [
                {
                  "qDown": 2,
                  "qElemNo": 0,
                  "qSubNodes": [],
                  "qType": "E",
                  "qUp": 1,
                },
              ],
              "qType": "E",
              "qUp": 1,
            },
          ],
          "qType": "N",
          "qUp": 1,
        },
        "root": null,
        "x": 0,
        "y": 0,
      },
      "x": 0,
      "y": 2,
    },
    "1": {
      "distanceToNextCell": 0,
      "incrementLeafCount": [Function],
      "isTotalCell": false,
      "leafCount": 3,
      "pageX": 1,
      "pageY": 2,
      "parent": {
        "distanceToNextCell": 0,
        "incrementLeafCount": [Function],
        "isTotalCell": false,
        "leafCount": 4,
        "pageX": 1,
        "pageY": 1,
        "parent": {
          "distanceToNextCell": 0,
          "incrementLeafCount": [Function],
          "isTotalCell": false,
          "leafCount": 4,
          "pageX": 1,
          "pageY": 0,
          "parent": null,
          "ref": {
            "qDown": 2,
            "qElemNo": 1,
            "qSubNodes": [
              {
                "qDown": 2,
                "qElemNo": 0,
                "qSubNodes": [
                  {
                    "qDown": 2,
                    "qElemNo": 0,
                    "qSubNodes": [],
                    "qType": "E",
                    "qUp": 1,
                  },
                ],
                "qType": "E",
                "qUp": 1,
              },
            ],
            "qType": "N",
            "qUp": 1,
          },
          "root": null,
          "x": 1,
          "y": 0,
        },
        "ref": {
          "qDown": 2,
          "qElemNo": 0,
          "qSubNodes": [
            {
              "qDown": 2,
              "qElemNo": 0,
              "qSubNodes": [],
              "qType": "E",
              "qUp": 1,
            },
          ],
          "qType": "E",
          "qUp": 1,
        },
        "root": {
          "distanceToNextCell": 0,
          "incrementLeafCount": [Function],
          "isTotalCell": false,
          "leafCount": 4,
          "pageX": 1,
          "pageY": 0,
          "parent": null,
          "ref": {
            "qDown": 2,
            "qElemNo": 1,
            "qSubNodes": [
              {
                "qDown": 2,
                "qElemNo": 0,
                "qSubNodes": [
                  {
                    "qDown": 2,
                    "qElemNo": 0,
                    "qSubNodes": [],
                    "qType": "E",
                    "qUp": 1,
                  },
                ],
                "qType": "E",
                "qUp": 1,
              },
            ],
            "qType": "N",
            "qUp": 1,
          },
          "root": null,
          "x": 1,
          "y": 0,
        },
        "x": 1,
        "y": 1,
      },
      "ref": {
        "qDown": 2,
        "qElemNo": 0,
        "qSubNodes": [],
        "qType": "E",
        "qUp": 1,
      },
      "root": {
        "distanceToNextCell": 0,
        "incrementLeafCount": [Function],
        "isTotalCell": false,
        "leafCount": 4,
        "pageX": 1,
        "pageY": 0,
        "parent": null,
        "ref": {
          "qDown": 2,
          "qElemNo": 1,
          "qSubNodes": [
            {
              "qDown": 2,
              "qElemNo": 0,
              "qSubNodes": [
                {
                  "qDown": 2,
                  "qElemNo": 0,
                  "qSubNodes": [],
                  "qType": "E",
                  "qUp": 1,
                },
              ],
              "qType": "E",
              "qUp": 1,
            },
          ],
          "qType": "N",
          "qUp": 1,
        },
        "root": null,
        "x": 1,
        "y": 0,
      },
      "x": 1,
      "y": 2,
    },
    "2": {
      "distanceToNextCell": 0,
      "incrementLeafCount": [Function],
      "isTotalCell": false,
      "leafCount": 3,
      "pageX": 2,
      "pageY": 2,
      "parent": {
        "distanceToNextCell": 0,
        "incrementLeafCount": [Function],
        "isTotalCell": false,
        "leafCount": 4,
        "pageX": 2,
        "pageY": 1,
        "parent": {
          "distanceToNextCell": 0,
          "incrementLeafCount": [Function],
          "isTotalCell": false,
          "leafCount": 6,
          "pageX": 2,
          "pageY": 0,
          "parent": null,
          "ref": {
            "qDown": 2,
            "qElemNo": 2,
            "qSubNodes": [
              {
                "qDown": 2,
                "qElemNo": 0,
                "qSubNodes": [
                  {
                    "qDown": 2,
                    "qElemNo": 0,
                    "qSubNodes": [],
                    "qType": "E",
                    "qUp": 1,
                  },
                ],
                "qType": "N",
                "qUp": 1,
              },
              {
                "qDown": 2,
                "qElemNo": 1,
                "qSubNodes": [
                  {
                    "qDown": 2,
                    "qElemNo": 0,
                    "qSubNodes": [],
                    "qType": "N",
                    "qUp": 1,
                  },
                  {
                    "qDown": 2,
                    "qElemNo": 1,
                    "qSubNodes": [],
                    "qType": "N",
                    "qUp": 1,
                  },
                ],
                "qType": "N",
                "qUp": 1,
              },
            ],
            "qType": "N",
            "qUp": 1,
          },
          "root": null,
          "x": 2,
          "y": 0,
        },
        "ref": {
          "qDown": 2,
          "qElemNo": 0,
          "qSubNodes": [
            {
              "qDown": 2,
              "qElemNo": 0,
              "qSubNodes": [],
              "qType": "E",
              "qUp": 1,
            },
          ],
          "qType": "N",
          "qUp": 1,
        },
        "root": {
          "distanceToNextCell": 0,
          "incrementLeafCount": [Function],
          "isTotalCell": false,
          "leafCount": 6,
          "pageX": 2,
          "pageY": 0,
          "parent": null,
          "ref": {
            "qDown": 2,
            "qElemNo": 2,
            "qSubNodes": [
              {
                "qDown": 2,
                "qElemNo": 0,
                "qSubNodes": [
                  {
                    "qDown": 2,
                    "qElemNo": 0,
                    "qSubNodes": [],
                    "qType": "E",
                    "qUp": 1,
                  },
                ],
                "qType": "N",
                "qUp": 1,
              },
              {
                "qDown": 2,
                "qElemNo": 1,
                "qSubNodes": [
                  {
                    "qDown": 2,
                    "qElemNo": 0,
                    "qSubNodes": [],
                    "qType": "N",
                    "qUp": 1,
                  },
                  {
                    "qDown": 2,
                    "qElemNo": 1,
                    "qSubNodes": [],
                    "qType": "N",
                    "qUp": 1,
                  },
                ],
                "qType": "N",
                "qUp": 1,
              },
            ],
            "qType": "N",
            "qUp": 1,
          },
          "root": null,
          "x": 2,
          "y": 0,
        },
        "x": 2,
        "y": 1,
      },
      "ref": {
        "qDown": 2,
        "qElemNo": 0,
        "qSubNodes": [],
        "qType": "E",
        "qUp": 1,
      },
      "root": {
        "distanceToNextCell": 0,
        "incrementLeafCount": [Function],
        "isTotalCell": false,
        "leafCount": 6,
        "pageX": 2,
        "pageY": 0,
        "parent": null,
        "ref": {
          "qDown": 2,
          "qElemNo": 2,
          "qSubNodes": [
            {
              "qDown": 2,
              "qElemNo": 0,
              "qSubNodes": [
                {
                  "qDown": 2,
                  "qElemNo": 0,
                  "qSubNodes": [],
                  "qType": "E",
                  "qUp": 1,
                },
              ],
              "qType": "N",
              "qUp": 1,
            },
            {
              "qDown": 2,
              "qElemNo": 1,
              "qSubNodes": [
                {
                  "qDown": 2,
                  "qElemNo": 0,
                  "qSubNodes": [],
                  "qType": "N",
                  "qUp": 1,
                },
                {
                  "qDown": 2,
                  "qElemNo": 1,
                  "qSubNodes": [],
                  "qType": "N",
                  "qUp": 1,
                },
              ],
              "qType": "N",
              "qUp": 1,
            },
          ],
          "qType": "N",
          "qUp": 1,
        },
        "root": null,
        "x": 2,
        "y": 0,
      },
      "x": 2,
      "y": 2,
    },
    "3": {
      "distanceToNextCell": 0,
      "incrementLeafCount": [Function],
      "isTotalCell": false,
      "leafCount": 3,
      "pageX": 3,
      "pageY": 2,
      "parent": {
        "distanceToNextCell": 0,
        "incrementLeafCount": [Function],
        "isTotalCell": false,
        "leafCount": 5,
        "pageX": 3,
        "pageY": 1,
        "parent": {
          "distanceToNextCell": 0,
          "incrementLeafCount": [Function],
          "isTotalCell": false,
          "leafCount": 6,
          "pageX": 2,
          "pageY": 0,
          "parent": null,
          "ref": {
            "qDown": 2,
            "qElemNo": 2,
            "qSubNodes": [
              {
                "qDown": 2,
                "qElemNo": 0,
                "qSubNodes": [
                  {
                    "qDown": 2,
                    "qElemNo": 0,
                    "qSubNodes": [],
                    "qType": "E",
                    "qUp": 1,
                  },
                ],
                "qType": "N",
                "qUp": 1,
              },
              {
                "qDown": 2,
                "qElemNo": 1,
                "qSubNodes": [
                  {
                    "qDown": 2,
                    "qElemNo": 0,
                    "qSubNodes": [],
                    "qType": "N",
                    "qUp": 1,
                  },
                  {
                    "qDown": 2,
                    "qElemNo": 1,
                    "qSubNodes": [],
                    "qType": "N",
                    "qUp": 1,
                  },
                ],
                "qType": "N",
                "qUp": 1,
              },
            ],
            "qType": "N",
            "qUp": 1,
          },
          "root": null,
          "x": 2,
          "y": 0,
        },
        "ref": {
          "qDown": 2,
          "qElemNo": 1,
          "qSubNodes": [
            {
              "qDown": 2,
              "qElemNo": 0,
              "qSubNodes": [],
              "qType": "N",
              "qUp": 1,
            },
            {
              "qDown": 2,
              "qElemNo": 1,
              "qSubNodes": [],
              "qType": "N",
              "qUp": 1,
            },
          ],
          "qType": "N",
          "qUp": 1,
        },
        "root": {
          "distanceToNextCell": 0,
          "incrementLeafCount": [Function],
          "isTotalCell": false,
          "leafCount": 6,
          "pageX": 2,
          "pageY": 0,
          "parent": null,
          "ref": {
            "qDown": 2,
            "qElemNo": 2,
            "qSubNodes": [
              {
                "qDown": 2,
                "qElemNo": 0,
                "qSubNodes": [
                  {
                    "qDown": 2,
                    "qElemNo": 0,
                    "qSubNodes": [],
                    "qType": "E",
                    "qUp": 1,
                  },
                ],
                "qType": "N",
                "qUp": 1,
              },
              {
                "qDown": 2,
                "qElemNo": 1,
                "qSubNodes": [
                  {
                    "qDown": 2,
                    "qElemNo": 0,
                    "qSubNodes": [],
                    "qType": "N",
                    "qUp": 1,
                  },
                  {
                    "qDown": 2,
                    "qElemNo": 1,
                    "qSubNodes": [],
                    "qType": "N",
                    "qUp": 1,
                  },
                ],
                "qType": "N",
                "qUp": 1,
              },
            ],
            "qType": "N",
            "qUp": 1,
          },
          "root": null,
          "x": 2,
          "y": 0,
        },
        "x": 3,
        "y": 1,
      },
      "ref": {
        "qDown": 2,
        "qElemNo": 0,
        "qSubNodes": [],
        "qType": "N",
        "qUp": 1,
      },
      "root": {
        "distanceToNextCell": 0,
        "incrementLeafCount": [Function],
        "isTotalCell": false,
        "leafCount": 6,
        "pageX": 2,
        "pageY": 0,
        "parent": null,
        "ref": {
          "qDown": 2,
          "qElemNo": 2,
          "qSubNodes": [
            {
              "qDown": 2,
              "qElemNo": 0,
              "qSubNodes": [
                {
                  "qDown": 2,
                  "qElemNo": 0,
                  "qSubNodes": [],
                  "qType": "E",
                  "qUp": 1,
                },
              ],
              "qType": "N",
              "qUp": 1,
            },
            {
              "qDown": 2,
              "qElemNo": 1,
              "qSubNodes": [
                {
                  "qDown": 2,
                  "qElemNo": 0,
                  "qSubNodes": [],
                  "qType": "N",
                  "qUp": 1,
                },
                {
                  "qDown": 2,
                  "qElemNo": 1,
                  "qSubNodes": [],
                  "qType": "N",
                  "qUp": 1,
                },
              ],
              "qType": "N",
              "qUp": 1,
            },
          ],
          "qType": "N",
          "qUp": 1,
        },
        "root": null,
        "x": 2,
        "y": 0,
      },
      "x": 3,
      "y": 2,
    },
    "4": {
      "distanceToNextCell": 0,
      "incrementLeafCount": [Function],
      "isTotalCell": false,
      "leafCount": 3,
      "pageX": 4,
      "pageY": 2,
      "parent": {
        "distanceToNextCell": 0,
        "incrementLeafCount": [Function],
        "isTotalCell": false,
        "leafCount": 5,
        "pageX": 3,
        "pageY": 1,
        "parent": {
          "distanceToNextCell": 0,
          "incrementLeafCount": [Function],
          "isTotalCell": false,
          "leafCount": 6,
          "pageX": 2,
          "pageY": 0,
          "parent": null,
          "ref": {
            "qDown": 2,
            "qElemNo": 2,
            "qSubNodes": [
              {
                "qDown": 2,
                "qElemNo": 0,
                "qSubNodes": [
                  {
                    "qDown": 2,
                    "qElemNo": 0,
                    "qSubNodes": [],
                    "qType": "E",
                    "qUp": 1,
                  },
                ],
                "qType": "N",
                "qUp": 1,
              },
              {
                "qDown": 2,
                "qElemNo": 1,
                "qSubNodes": [
                  {
                    "qDown": 2,
                    "qElemNo": 0,
                    "qSubNodes": [],
                    "qType": "N",
                    "qUp": 1,
                  },
                  {
                    "qDown": 2,
                    "qElemNo": 1,
                    "qSubNodes": [],
                    "qType": "N",
                    "qUp": 1,
                  },
                ],
                "qType": "N",
                "qUp": 1,
              },
            ],
            "qType": "N",
            "qUp": 1,
          },
          "root": null,
          "x": 2,
          "y": 0,
        },
        "ref": {
          "qDown": 2,
          "qElemNo": 1,
          "qSubNodes": [
            {
              "qDown": 2,
              "qElemNo": 0,
              "qSubNodes": [],
              "qType": "N",
              "qUp": 1,
            },
            {
              "qDown": 2,
              "qElemNo": 1,
              "qSubNodes": [],
              "qType": "N",
              "qUp": 1,
            },
          ],
          "qType": "N",
          "qUp": 1,
        },
        "root": {
          "distanceToNextCell": 0,
          "incrementLeafCount": [Function],
          "isTotalCell": false,
          "leafCount": 6,
          "pageX": 2,
          "pageY": 0,
          "parent": null,
          "ref": {
            "qDown": 2,
            "qElemNo": 2,
            "qSubNodes": [
              {
                "qDown": 2,
                "qElemNo": 0,
                "qSubNodes": [
                  {
                    "qDown": 2,
                    "qElemNo": 0,
                    "qSubNodes": [],
                    "qType": "E",
                    "qUp": 1,
                  },
                ],
                "qType": "N",
                "qUp": 1,
              },
              {
                "qDown": 2,
                "qElemNo": 1,
                "qSubNodes": [
                  {
                    "qDown": 2,
                    "qElemNo": 0,
                    "qSubNodes": [],
                    "qType": "N",
                    "qUp": 1,
                  },
                  {
                    "qDown": 2,
                    "qElemNo": 1,
                    "qSubNodes": [],
                    "qType": "N",
                    "qUp": 1,
                  },
                ],
                "qType": "N",
                "qUp": 1,
              },
            ],
            "qType": "N",
            "qUp": 1,
          },
          "root": null,
          "x": 2,
          "y": 0,
        },
        "x": 3,
        "y": 1,
      },
      "ref": {
        "qDown": 2,
        "qElemNo": 1,
        "qSubNodes": [],
        "qType": "N",
        "qUp": 1,
      },
      "root": {
        "distanceToNextCell": 0,
        "incrementLeafCount": [Function],
        "isTotalCell": false,
        "leafCount": 6,
        "pageX": 2,
        "pageY": 0,
        "parent": null,
        "ref": {
          "qDown": 2,
          "qElemNo": 2,
          "qSubNodes": [
            {
              "qDown": 2,
              "qElemNo": 0,
              "qSubNodes": [
                {
                  "qDown": 2,
                  "qElemNo": 0,
                  "qSubNodes": [],
                  "qType": "E",
                  "qUp": 1,
                },
              ],
              "qType": "N",
              "qUp": 1,
            },
            {
              "qDown": 2,
              "qElemNo": 1,
              "qSubNodes": [
                {
                  "qDown": 2,
                  "qElemNo": 0,
                  "qSubNodes": [],
                  "qType": "N",
                  "qUp": 1,
                },
                {
                  "qDown": 2,
                  "qElemNo": 1,
                  "qSubNodes": [],
                  "qType": "N",
                  "qUp": 1,
                },
              ],
              "qType": "N",
              "qUp": 1,
            },
          ],
          "qType": "N",
          "qUp": 1,
        },
        "root": null,
        "x": 2,
        "y": 0,
      },
      "x": 4,
      "y": 2,
    },
  },
]
`;

exports[`extractTop should extract top data when in snapshot mode 1`] = `
[
  {
    "0": {
      "distanceToNextCell": 0,
      "incrementLeafCount": [Function],
      "isTotalCell": false,
      "leafCount": 0,
      "pageX": 0,
      "pageY": 0,
      "parent": null,
      "ref": {
        "qDown": 2,
        "qElemNo": 0,
        "qSubNodes": [],
        "qType": "N",
        "qUp": 1,
      },
      "root": null,
      "x": 0,
      "y": 0,
    },
    "1": {
      "distanceToNextCell": 0,
      "incrementLeafCount": [Function],
      "isTotalCell": false,
      "leafCount": 0,
      "pageX": 1,
      "pageY": 0,
      "parent": null,
      "ref": {
        "qDown": 2,
        "qElemNo": 1,
        "qSubNodes": [],
        "qType": "N",
        "qUp": 1,
      },
      "root": null,
      "x": 1,
      "y": 0,
    },
    "2": {
      "distanceToNextCell": 0,
      "incrementLeafCount": [Function],
      "isTotalCell": false,
      "leafCount": 0,
      "pageX": 2,
      "pageY": 0,
      "parent": null,
      "ref": {
        "qDown": 2,
        "qElemNo": 2,
        "qSubNodes": [],
        "qType": "N",
        "qUp": 1,
      },
      "root": null,
      "x": 2,
      "y": 0,
    },
    "3": {
      "distanceToNextCell": 0,
      "incrementLeafCount": [Function],
      "isTotalCell": false,
      "leafCount": 3,
      "pageX": 3,
      "pageY": 0,
      "parent": null,
      "ref": {
        "qDown": 2,
        "qElemNo": 2,
        "qSubNodes": [],
        "qType": "N",
        "qUp": 1,
      },
      "root": null,
      "x": 3,
      "y": 0,
    },
  },
  {
    "0": {
      "distanceToNextCell": 0,
      "incrementLeafCount": [Function],
      "isTotalCell": false,
      "leafCount": 4,
      "pageX": 0,
      "pageY": 1,
      "parent": {
        "distanceToNextCell": 0,
        "incrementLeafCount": [Function],
        "isTotalCell": false,
        "leafCount": 4,
        "pageX": 0,
        "pageY": 0,
        "parent": null,
        "ref": {
          "qDown": 2,
          "qElemNo": 0,
          "qSubNodes": [
            {
              "qDown": 2,
              "qElemNo": 0,
              "qSubNodes": [
                {
                  "qDown": 2,
                  "qElemNo": 0,
                  "qSubNodes": [],
                  "qType": "E",
                  "qUp": 1,
                },
              ],
              "qType": "E",
              "qUp": 1,
            },
          ],
          "qType": "N",
          "qUp": 1,
        },
        "root": null,
        "x": 0,
        "y": 0,
      },
      "ref": {
        "qDown": 2,
        "qElemNo": 0,
        "qSubNodes": [
          {
            "qDown": 2,
            "qElemNo": 0,
            "qSubNodes": [],
            "qType": "E",
            "qUp": 1,
          },
        ],
        "qType": "E",
        "qUp": 1,
      },
      "root": {
        "distanceToNextCell": 0,
        "incrementLeafCount": [Function],
        "isTotalCell": false,
        "leafCount": 4,
        "pageX": 0,
        "pageY": 0,
        "parent": null,
        "ref": {
          "qDown": 2,
          "qElemNo": 0,
          "qSubNodes": [
            {
              "qDown": 2,
              "qElemNo": 0,
              "qSubNodes": [
                {
                  "qDown": 2,
                  "qElemNo": 0,
                  "qSubNodes": [],
                  "qType": "E",
                  "qUp": 1,
                },
              ],
              "qType": "E",
              "qUp": 1,
            },
          ],
          "qType": "N",
          "qUp": 1,
        },
        "root": null,
        "x": 0,
        "y": 0,
      },
      "x": 0,
      "y": 1,
    },
    "1": {
      "distanceToNextCell": 0,
      "incrementLeafCount": [Function],
      "isTotalCell": false,
      "leafCount": 4,
      "pageX": 1,
      "pageY": 1,
      "parent": {
        "distanceToNextCell": 0,
        "incrementLeafCount": [Function],
        "isTotalCell": false,
        "leafCount": 4,
        "pageX": 1,
        "pageY": 0,
        "parent": null,
        "ref": {
          "qDown": 2,
          "qElemNo": 1,
          "qSubNodes": [
            {
              "qDown": 2,
              "qElemNo": 0,
              "qSubNodes": [
                {
                  "qDown": 2,
                  "qElemNo": 0,
                  "qSubNodes": [],
                  "qType": "E",
                  "qUp": 1,
                },
              ],
              "qType": "E",
              "qUp": 1,
            },
          ],
          "qType": "N",
          "qUp": 1,
        },
        "root": null,
        "x": 1,
        "y": 0,
      },
      "ref": {
        "qDown": 2,
        "qElemNo": 0,
        "qSubNodes": [
          {
            "qDown": 2,
            "qElemNo": 0,
            "qSubNodes": [],
            "qType": "E",
            "qUp": 1,
          },
        ],
        "qType": "E",
        "qUp": 1,
      },
      "root": {
        "distanceToNextCell": 0,
        "incrementLeafCount": [Function],
        "isTotalCell": false,
        "leafCount": 4,
        "pageX": 1,
        "pageY": 0,
        "parent": null,
        "ref": {
          "qDown": 2,
          "qElemNo": 1,
          "qSubNodes": [
            {
              "qDown": 2,
              "qElemNo": 0,
              "qSubNodes": [
                {
                  "qDown": 2,
                  "qElemNo": 0,
                  "qSubNodes": [],
                  "qType": "E",
                  "qUp": 1,
                },
              ],
              "qType": "E",
              "qUp": 1,
            },
          ],
          "qType": "N",
          "qUp": 1,
        },
        "root": null,
        "x": 1,
        "y": 0,
      },
      "x": 1,
      "y": 1,
    },
    "2": {
      "distanceToNextCell": 0,
      "incrementLeafCount": [Function],
      "isTotalCell": false,
      "leafCount": 4,
      "pageX": 2,
      "pageY": 1,
      "parent": {
        "distanceToNextCell": 0,
        "incrementLeafCount": [Function],
        "isTotalCell": false,
        "leafCount": 6,
        "pageX": 2,
        "pageY": 0,
        "parent": null,
        "ref": {
          "qDown": 2,
          "qElemNo": 2,
          "qSubNodes": [
            {
              "qDown": 2,
              "qElemNo": 0,
              "qSubNodes": [
                {
                  "qDown": 2,
                  "qElemNo": 0,
                  "qSubNodes": [],
                  "qType": "E",
                  "qUp": 1,
                },
              ],
              "qType": "N",
              "qUp": 1,
            },
            {
              "qDown": 2,
              "qElemNo": 1,
              "qSubNodes": [
                {
                  "qDown": 2,
                  "qElemNo": 0,
                  "qSubNodes": [],
                  "qType": "N",
                  "qUp": 1,
                },
                {
                  "qDown": 2,
                  "qElemNo": 1,
                  "qSubNodes": [],
                  "qType": "N",
                  "qUp": 1,
                },
              ],
              "qType": "N",
              "qUp": 1,
            },
          ],
          "qType": "N",
          "qUp": 1,
        },
        "root": null,
        "x": 2,
        "y": 0,
      },
      "ref": {
        "qDown": 2,
        "qElemNo": 0,
        "qSubNodes": [
          {
            "qDown": 2,
            "qElemNo": 0,
            "qSubNodes": [],
            "qType": "E",
            "qUp": 1,
          },
        ],
        "qType": "N",
        "qUp": 1,
      },
      "root": {
        "distanceToNextCell": 0,
        "incrementLeafCount": [Function],
        "isTotalCell": false,
        "leafCount": 6,
        "pageX": 2,
        "pageY": 0,
        "parent": null,
        "ref": {
          "qDown": 2,
          "qElemNo": 2,
          "qSubNodes": [
            {
              "qDown": 2,
              "qElemNo": 0,
              "qSubNodes": [
                {
                  "qDown": 2,
                  "qElemNo": 0,
                  "qSubNodes": [],
                  "qType": "E",
                  "qUp": 1,
                },
              ],
              "qType": "N",
              "qUp": 1,
            },
            {
              "qDown": 2,
              "qElemNo": 1,
              "qSubNodes": [
                {
                  "qDown": 2,
                  "qElemNo": 0,
                  "qSubNodes": [],
                  "qType": "N",
                  "qUp": 1,
                },
                {
                  "qDown": 2,
                  "qElemNo": 1,
                  "qSubNodes": [],
                  "qType": "N",
                  "qUp": 1,
                },
              ],
              "qType": "N",
              "qUp": 1,
            },
          ],
          "qType": "N",
          "qUp": 1,
        },
        "root": null,
        "x": 2,
        "y": 0,
      },
      "x": 2,
      "y": 1,
    },
    "3": {
      "distanceToNextCell": 0,
      "incrementLeafCount": [Function],
      "isTotalCell": false,
      "leafCount": 5,
      "pageX": 3,
      "pageY": 1,
      "parent": {
        "distanceToNextCell": 0,
        "incrementLeafCount": [Function],
        "isTotalCell": false,
        "leafCount": 6,
        "pageX": 2,
        "pageY": 0,
        "parent": null,
        "ref": {
          "qDown": 2,
          "qElemNo": 2,
          "qSubNodes": [
            {
              "qDown": 2,
              "qElemNo": 0,
              "qSubNodes": [
                {
                  "qDown": 2,
                  "qElemNo": 0,
                  "qSubNodes": [],
                  "qType": "E",
                  "qUp": 1,
                },
              ],
              "qType": "N",
              "qUp": 1,
            },
            {
              "qDown": 2,
              "qElemNo": 1,
              "qSubNodes": [
                {
                  "qDown": 2,
                  "qElemNo": 0,
                  "qSubNodes": [],
                  "qType": "N",
                  "qUp": 1,
                },
                {
                  "qDown": 2,
                  "qElemNo": 1,
                  "qSubNodes": [],
                  "qType": "N",
                  "qUp": 1,
                },
              ],
              "qType": "N",
              "qUp": 1,
            },
          ],
          "qType": "N",
          "qUp": 1,
        },
        "root": null,
        "x": 2,
        "y": 0,
      },
      "ref": {
        "qDown": 2,
        "qElemNo": 1,
        "qSubNodes": [
          {
            "qDown": 2,
            "qElemNo": 0,
            "qSubNodes": [],
            "qType": "N",
            "qUp": 1,
          },
          {
            "qDown": 2,
            "qElemNo": 1,
            "qSubNodes": [],
            "qType": "N",
            "qUp": 1,
          },
        ],
        "qType": "N",
        "qUp": 1,
      },
      "root": {
        "distanceToNextCell": 0,
        "incrementLeafCount": [Function],
        "isTotalCell": false,
        "leafCount": 6,
        "pageX": 2,
        "pageY": 0,
        "parent": null,
        "ref": {
          "qDown": 2,
          "qElemNo": 2,
          "qSubNodes": [
            {
              "qDown": 2,
              "qElemNo": 0,
              "qSubNodes": [
                {
                  "qDown": 2,
                  "qElemNo": 0,
                  "qSubNodes": [],
                  "qType": "E",
                  "qUp": 1,
                },
              ],
              "qType": "N",
              "qUp": 1,
            },
            {
              "qDown": 2,
              "qElemNo": 1,
              "qSubNodes": [
                {
                  "qDown": 2,
                  "qElemNo": 0,
                  "qSubNodes": [],
                  "qType": "N",
                  "qUp": 1,
                },
                {
                  "qDown": 2,
                  "qElemNo": 1,
                  "qSubNodes": [],
                  "qType": "N",
                  "qUp": 1,
                },
              ],
              "qType": "N",
              "qUp": 1,
            },
          ],
          "qType": "N",
          "qUp": 1,
        },
        "root": null,
        "x": 2,
        "y": 0,
      },
      "x": 3,
      "y": 1,
    },
  },
  {
    "0": {
      "distanceToNextCell": 0,
      "incrementLeafCount": [Function],
      "isTotalCell": false,
      "leafCount": 3,
      "pageX": 0,
      "pageY": 2,
      "parent": {
        "distanceToNextCell": 0,
        "incrementLeafCount": [Function],
        "isTotalCell": false,
        "leafCount": 4,
        "pageX": 0,
        "pageY": 1,
        "parent": {
          "distanceToNextCell": 0,
          "incrementLeafCount": [Function],
          "isTotalCell": false,
          "leafCount": 4,
          "pageX": 0,
          "pageY": 0,
          "parent": null,
          "ref": {
            "qDown": 2,
            "qElemNo": 0,
            "qSubNodes": [
              {
                "qDown": 2,
                "qElemNo": 0,
                "qSubNodes": [
                  {
                    "qDown": 2,
                    "qElemNo": 0,
                    "qSubNodes": [],
                    "qType": "E",
                    "qUp": 1,
                  },
                ],
                "qType": "E",
                "qUp": 1,
              },
            ],
            "qType": "N",
            "qUp": 1,
          },
          "root": null,
          "x": 0,
          "y": 0,
        },
        "ref": {
          "qDown": 2,
          "qElemNo": 0,
          "qSubNodes": [
            {
              "qDown": 2,
              "qElemNo": 0,
              "qSubNodes": [],
              "qType": "E",
              "qUp": 1,
            },
          ],
          "qType": "E",
          "qUp": 1,
        },
        "root": {
          "distanceToNextCell": 0,
          "incrementLeafCount": [Function],
          "isTotalCell": false,
          "leafCount": 4,
          "pageX": 0,
          "pageY": 0,
          "parent": null,
          "ref": {
            "qDown": 2,
            "qElemNo": 0,
            "qSubNodes": [
              {
                "qDown": 2,
                "qElemNo": 0,
                "qSubNodes": [
                  {
                    "qDown": 2,
                    "qElemNo": 0,
                    "qSubNodes": [],
                    "qType": "E",
                    "qUp": 1,
                  },
                ],
                "qType": "E",
                "qUp": 1,
              },
            ],
            "qType": "N",
            "qUp": 1,
          },
          "root": null,
          "x": 0,
          "y": 0,
        },
        "x": 0,
        "y": 1,
      },
      "ref": {
        "qDown": 2,
        "qElemNo": 0,
        "qSubNodes": [],
        "qType": "E",
        "qUp": 1,
      },
      "root": {
        "distanceToNextCell": 0,
        "incrementLeafCount": [Function],
        "isTotalCell": false,
        "leafCount": 4,
        "pageX": 0,
        "pageY": 0,
        "parent": null,
        "ref": {
          "qDown": 2,
          "qElemNo": 0,
          "qSubNodes": [
            {
              "qDown": 2,
              "qElemNo": 0,
              "qSubNodes": [
                {
                  "qDown": 2,
                  "qElemNo": 0,
                  "qSubNodes": [],
                  "qType": "E",
                  "qUp": 1,
                },
              ],
              "qType": "E",
              "qUp": 1,
            },
          ],
          "qType": "N",
          "qUp": 1,
        },
        "root": null,
        "x": 0,
        "y": 0,
      },
      "x": 0,
      "y": 2,
    },
    "1": {
      "distanceToNextCell": 0,
      "incrementLeafCount": [Function],
      "isTotalCell": false,
      "leafCount": 3,
      "pageX": 1,
      "pageY": 2,
      "parent": {
        "distanceToNextCell": 0,
        "incrementLeafCount": [Function],
        "isTotalCell": false,
        "leafCount": 4,
        "pageX": 1,
        "pageY": 1,
        "parent": {
          "distanceToNextCell": 0,
          "incrementLeafCount": [Function],
          "isTotalCell": false,
          "leafCount": 4,
          "pageX": 1,
          "pageY": 0,
          "parent": null,
          "ref": {
            "qDown": 2,
            "qElemNo": 1,
            "qSubNodes": [
              {
                "qDown": 2,
                "qElemNo": 0,
                "qSubNodes": [
                  {
                    "qDown": 2,
                    "qElemNo": 0,
                    "qSubNodes": [],
                    "qType": "E",
                    "qUp": 1,
                  },
                ],
                "qType": "E",
                "qUp": 1,
              },
            ],
            "qType": "N",
            "qUp": 1,
          },
          "root": null,
          "x": 1,
          "y": 0,
        },
        "ref": {
          "qDown": 2,
          "qElemNo": 0,
          "qSubNodes": [
            {
              "qDown": 2,
              "qElemNo": 0,
              "qSubNodes": [],
              "qType": "E",
              "qUp": 1,
            },
          ],
          "qType": "E",
          "qUp": 1,
        },
        "root": {
          "distanceToNextCell": 0,
          "incrementLeafCount": [Function],
          "isTotalCell": false,
          "leafCount": 4,
          "pageX": 1,
          "pageY": 0,
          "parent": null,
          "ref": {
            "qDown": 2,
            "qElemNo": 1,
            "qSubNodes": [
              {
                "qDown": 2,
                "qElemNo": 0,
                "qSubNodes": [
                  {
                    "qDown": 2,
                    "qElemNo": 0,
                    "qSubNodes": [],
                    "qType": "E",
                    "qUp": 1,
                  },
                ],
                "qType": "E",
                "qUp": 1,
              },
            ],
            "qType": "N",
            "qUp": 1,
          },
          "root": null,
          "x": 1,
          "y": 0,
        },
        "x": 1,
        "y": 1,
      },
      "ref": {
        "qDown": 2,
        "qElemNo": 0,
        "qSubNodes": [],
        "qType": "E",
        "qUp": 1,
      },
      "root": {
        "distanceToNextCell": 0,
        "incrementLeafCount": [Function],
        "isTotalCell": false,
        "leafCount": 4,
        "pageX": 1,
        "pageY": 0,
        "parent": null,
        "ref": {
          "qDown": 2,
          "qElemNo": 1,
          "qSubNodes": [
            {
              "qDown": 2,
              "qElemNo": 0,
              "qSubNodes": [
                {
                  "qDown": 2,
                  "qElemNo": 0,
                  "qSubNodes": [],
                  "qType": "E",
                  "qUp": 1,
                },
              ],
              "qType": "E",
              "qUp": 1,
            },
          ],
          "qType": "N",
          "qUp": 1,
        },
        "root": null,
        "x": 1,
        "y": 0,
      },
      "x": 1,
      "y": 2,
    },
    "2": {
      "distanceToNextCell": 0,
      "incrementLeafCount": [Function],
      "isTotalCell": false,
      "leafCount": 3,
      "pageX": 2,
      "pageY": 2,
      "parent": {
        "distanceToNextCell": 0,
        "incrementLeafCount": [Function],
        "isTotalCell": false,
        "leafCount": 4,
        "pageX": 2,
        "pageY": 1,
        "parent": {
          "distanceToNextCell": 0,
          "incrementLeafCount": [Function],
          "isTotalCell": false,
          "leafCount": 6,
          "pageX": 2,
          "pageY": 0,
          "parent": null,
          "ref": {
            "qDown": 2,
            "qElemNo": 2,
            "qSubNodes": [
              {
                "qDown": 2,
                "qElemNo": 0,
                "qSubNodes": [
                  {
                    "qDown": 2,
                    "qElemNo": 0,
                    "qSubNodes": [],
                    "qType": "E",
                    "qUp": 1,
                  },
                ],
                "qType": "N",
                "qUp": 1,
              },
              {
                "qDown": 2,
                "qElemNo": 1,
                "qSubNodes": [
                  {
                    "qDown": 2,
                    "qElemNo": 0,
                    "qSubNodes": [],
                    "qType": "N",
                    "qUp": 1,
                  },
                  {
                    "qDown": 2,
                    "qElemNo": 1,
                    "qSubNodes": [],
                    "qType": "N",
                    "qUp": 1,
                  },
                ],
                "qType": "N",
                "qUp": 1,
              },
            ],
            "qType": "N",
            "qUp": 1,
          },
          "root": null,
          "x": 2,
          "y": 0,
        },
        "ref": {
          "qDown": 2,
          "qElemNo": 0,
          "qSubNodes": [
            {
              "qDown": 2,
              "qElemNo": 0,
              "qSubNodes": [],
              "qType": "E",
              "qUp": 1,
            },
          ],
          "qType": "N",
          "qUp": 1,
        },
        "root": {
          "distanceToNextCell": 0,
          "incrementLeafCount": [Function],
          "isTotalCell": false,
          "leafCount": 6,
          "pageX": 2,
          "pageY": 0,
          "parent": null,
          "ref": {
            "qDown": 2,
            "qElemNo": 2,
            "qSubNodes": [
              {
                "qDown": 2,
                "qElemNo": 0,
                "qSubNodes": [
                  {
                    "qDown": 2,
                    "qElemNo": 0,
                    "qSubNodes": [],
                    "qType": "E",
                    "qUp": 1,
                  },
                ],
                "qType": "N",
                "qUp": 1,
              },
              {
                "qDown": 2,
                "qElemNo": 1,
                "qSubNodes": [
                  {
                    "qDown": 2,
                    "qElemNo": 0,
                    "qSubNodes": [],
                    "qType": "N",
                    "qUp": 1,
                  },
                  {
                    "qDown": 2,
                    "qElemNo": 1,
                    "qSubNodes": [],
                    "qType": "N",
                    "qUp": 1,
                  },
                ],
                "qType": "N",
                "qUp": 1,
              },
            ],
            "qType": "N",
            "qUp": 1,
          },
          "root": null,
          "x": 2,
          "y": 0,
        },
        "x": 2,
        "y": 1,
      },
      "ref": {
        "qDown": 2,
        "qElemNo": 0,
        "qSubNodes": [],
        "qType": "E",
        "qUp": 1,
      },
      "root": {
        "distanceToNextCell": 0,
        "incrementLeafCount": [Function],
        "isTotalCell": false,
        "leafCount": 6,
        "pageX": 2,
        "pageY": 0,
        "parent": null,
        "ref": {
          "qDown": 2,
          "qElemNo": 2,
          "qSubNodes": [
            {
              "qDown": 2,
              "qElemNo": 0,
              "qSubNodes": [
                {
                  "qDown": 2,
                  "qElemNo": 0,
                  "qSubNodes": [],
                  "qType": "E",
                  "qUp": 1,
                },
              ],
              "qType": "N",
              "qUp": 1,
            },
            {
              "qDown": 2,
              "qElemNo": 1,
              "qSubNodes": [
                {
                  "qDown": 2,
                  "qElemNo": 0,
                  "qSubNodes": [],
                  "qType": "N",
                  "qUp": 1,
                },
                {
                  "qDown": 2,
                  "qElemNo": 1,
                  "qSubNodes": [],
                  "qType": "N",
                  "qUp": 1,
                },
              ],
              "qType": "N",
              "qUp": 1,
            },
          ],
          "qType": "N",
          "qUp": 1,
        },
        "root": null,
        "x": 2,
        "y": 0,
      },
      "x": 2,
      "y": 2,
    },
    "3": {
      "distanceToNextCell": 0,
      "incrementLeafCount": [Function],
      "isTotalCell": false,
      "leafCount": 3,
      "pageX": 3,
      "pageY": 2,
      "parent": {
        "distanceToNextCell": 0,
        "incrementLeafCount": [Function],
        "isTotalCell": false,
        "leafCount": 5,
        "pageX": 3,
        "pageY": 1,
        "parent": {
          "distanceToNextCell": 0,
          "incrementLeafCount": [Function],
          "isTotalCell": false,
          "leafCount": 6,
          "pageX": 2,
          "pageY": 0,
          "parent": null,
          "ref": {
            "qDown": 2,
            "qElemNo": 2,
            "qSubNodes": [
              {
                "qDown": 2,
                "qElemNo": 0,
                "qSubNodes": [
                  {
                    "qDown": 2,
                    "qElemNo": 0,
                    "qSubNodes": [],
                    "qType": "E",
                    "qUp": 1,
                  },
                ],
                "qType": "N",
                "qUp": 1,
              },
              {
                "qDown": 2,
                "qElemNo": 1,
                "qSubNodes": [
                  {
                    "qDown": 2,
                    "qElemNo": 0,
                    "qSubNodes": [],
                    "qType": "N",
                    "qUp": 1,
                  },
                  {
                    "qDown": 2,
                    "qElemNo": 1,
                    "qSubNodes": [],
                    "qType": "N",
                    "qUp": 1,
                  },
                ],
                "qType": "N",
                "qUp": 1,
              },
            ],
            "qType": "N",
            "qUp": 1,
          },
          "root": null,
          "x": 2,
          "y": 0,
        },
        "ref": {
          "qDown": 2,
          "qElemNo": 1,
          "qSubNodes": [
            {
              "qDown": 2,
              "qElemNo": 0,
              "qSubNodes": [],
              "qType": "N",
              "qUp": 1,
            },
            {
              "qDown": 2,
              "qElemNo": 1,
              "qSubNodes": [],
              "qType": "N",
              "qUp": 1,
            },
          ],
          "qType": "N",
          "qUp": 1,
        },
        "root": {
          "distanceToNextCell": 0,
          "incrementLeafCount": [Function],
          "isTotalCell": false,
          "leafCount": 6,
          "pageX": 2,
          "pageY": 0,
          "parent": null,
          "ref": {
            "qDown": 2,
            "qElemNo": 2,
            "qSubNodes": [
              {
                "qDown": 2,
                "qElemNo": 0,
                "qSubNodes": [
                  {
                    "qDown": 2,
                    "qElemNo": 0,
                    "qSubNodes": [],
                    "qType": "E",
                    "qUp": 1,
                  },
                ],
                "qType": "N",
                "qUp": 1,
              },
              {
                "qDown": 2,
                "qElemNo": 1,
                "qSubNodes": [
                  {
                    "qDown": 2,
                    "qElemNo": 0,
                    "qSubNodes": [],
                    "qType": "N",
                    "qUp": 1,
                  },
                  {
                    "qDown": 2,
                    "qElemNo": 1,
                    "qSubNodes": [],
                    "qType": "N",
                    "qUp": 1,
                  },
                ],
                "qType": "N",
                "qUp": 1,
              },
            ],
            "qType": "N",
            "qUp": 1,
          },
          "root": null,
          "x": 2,
          "y": 0,
        },
        "x": 3,
        "y": 1,
      },
      "ref": {
        "qDown": 2,
        "qElemNo": 0,
        "qSubNodes": [],
        "qType": "N",
        "qUp": 1,
      },
      "root": {
        "distanceToNextCell": 0,
        "incrementLeafCount": [Function],
        "isTotalCell": false,
        "leafCount": 6,
        "pageX": 2,
        "pageY": 0,
        "parent": null,
        "ref": {
          "qDown": 2,
          "qElemNo": 2,
          "qSubNodes": [
            {
              "qDown": 2,
              "qElemNo": 0,
              "qSubNodes": [
                {
                  "qDown": 2,
                  "qElemNo": 0,
                  "qSubNodes": [],
                  "qType": "E",
                  "qUp": 1,
                },
              ],
              "qType": "N",
              "qUp": 1,
            },
            {
              "qDown": 2,
              "qElemNo": 1,
              "qSubNodes": [
                {
                  "qDown": 2,
                  "qElemNo": 0,
                  "qSubNodes": [],
                  "qType": "N",
                  "qUp": 1,
                },
                {
                  "qDown": 2,
                  "qElemNo": 1,
                  "qSubNodes": [],
                  "qType": "N",
                  "qUp": 1,
                },
              ],
              "qType": "N",
              "qUp": 1,
            },
          ],
          "qType": "N",
          "qUp": 1,
        },
        "root": null,
        "x": 2,
        "y": 0,
      },
      "x": 3,
      "y": 2,
    },
    "4": {
      "distanceToNextCell": 0,
      "incrementLeafCount": [Function],
      "isTotalCell": false,
      "leafCount": 3,
      "pageX": 4,
      "pageY": 2,
      "parent": {
        "distanceToNextCell": 0,
        "incrementLeafCount": [Function],
        "isTotalCell": false,
        "leafCount": 5,
        "pageX": 3,
        "pageY": 1,
        "parent": {
          "distanceToNextCell": 0,
          "incrementLeafCount": [Function],
          "isTotalCell": false,
          "leafCount": 6,
          "pageX": 2,
          "pageY": 0,
          "parent": null,
          "ref": {
            "qDown": 2,
            "qElemNo": 2,
            "qSubNodes": [
              {
                "qDown": 2,
                "qElemNo": 0,
                "qSubNodes": [
                  {
                    "qDown": 2,
                    "qElemNo": 0,
                    "qSubNodes": [],
                    "qType": "E",
                    "qUp": 1,
                  },
                ],
                "qType": "N",
                "qUp": 1,
              },
              {
                "qDown": 2,
                "qElemNo": 1,
                "qSubNodes": [
                  {
                    "qDown": 2,
                    "qElemNo": 0,
                    "qSubNodes": [],
                    "qType": "N",
                    "qUp": 1,
                  },
                  {
                    "qDown": 2,
                    "qElemNo": 1,
                    "qSubNodes": [],
                    "qType": "N",
                    "qUp": 1,
                  },
                ],
                "qType": "N",
                "qUp": 1,
              },
            ],
            "qType": "N",
            "qUp": 1,
          },
          "root": null,
          "x": 2,
          "y": 0,
        },
        "ref": {
          "qDown": 2,
          "qElemNo": 1,
          "qSubNodes": [
            {
              "qDown": 2,
              "qElemNo": 0,
              "qSubNodes": [],
              "qType": "N",
              "qUp": 1,
            },
            {
              "qDown": 2,
              "qElemNo": 1,
              "qSubNodes": [],
              "qType": "N",
              "qUp": 1,
            },
          ],
          "qType": "N",
          "qUp": 1,
        },
        "root": {
          "distanceToNextCell": 0,
          "incrementLeafCount": [Function],
          "isTotalCell": false,
          "leafCount": 6,
          "pageX": 2,
          "pageY": 0,
          "parent": null,
          "ref": {
            "qDown": 2,
            "qElemNo": 2,
            "qSubNodes": [
              {
                "qDown": 2,
                "qElemNo": 0,
                "qSubNodes": [
                  {
                    "qDown": 2,
                    "qElemNo": 0,
                    "qSubNodes": [],
                    "qType": "E",
                    "qUp": 1,
                  },
                ],
                "qType": "N",
                "qUp": 1,
              },
              {
                "qDown": 2,
                "qElemNo": 1,
                "qSubNodes": [
                  {
                    "qDown": 2,
                    "qElemNo": 0,
                    "qSubNodes": [],
                    "qType": "N",
                    "qUp": 1,
                  },
                  {
                    "qDown": 2,
                    "qElemNo": 1,
                    "qSubNodes": [],
                    "qType": "N",
                    "qUp": 1,
                  },
                ],
                "qType": "N",
                "qUp": 1,
              },
            ],
            "qType": "N",
            "qUp": 1,
          },
          "root": null,
          "x": 2,
          "y": 0,
        },
        "x": 3,
        "y": 1,
      },
      "ref": {
        "qDown": 2,
        "qElemNo": 1,
        "qSubNodes": [],
        "qType": "N",
        "qUp": 1,
      },
      "root": {
        "distanceToNextCell": 0,
        "incrementLeafCount": [Function],
        "isTotalCell": false,
        "leafCount": 6,
        "pageX": 2,
        "pageY": 0,
        "parent": null,
        "ref": {
          "qDown": 2,
          "qElemNo": 2,
          "qSubNodes": [
            {
              "qDown": 2,
              "qElemNo": 0,
              "qSubNodes": [
                {
                  "qDown": 2,
                  "qElemNo": 0,
                  "qSubNodes": [],
                  "qType": "E",
                  "qUp": 1,
                },
              ],
              "qType": "N",
              "qUp": 1,
            },
            {
              "qDown": 2,
              "qElemNo": 1,
              "qSubNodes": [
                {
                  "qDown": 2,
                  "qElemNo": 0,
                  "qSubNodes": [],
                  "qType": "N",
                  "qUp": 1,
                },
                {
                  "qDown": 2,
                  "qElemNo": 1,
                  "qSubNodes": [],
                  "qType": "N",
                  "qUp": 1,
                },
              ],
              "qType": "N",
              "qUp": 1,
            },
          ],
          "qType": "N",
          "qUp": 1,
        },
        "root": null,
        "x": 2,
        "y": 0,
      },
      "x": 4,
      "y": 2,
    },
  },
]
`;

exports[`extractTop should extract top data with first node expanded 1`] = `
[
  {
    "0": {
      "distanceToNextCell": 0,
      "incrementLeafCount": [Function],
      "isTotalCell": false,
      "leafCount": 5,
      "pageX": 0,
      "pageY": 0,
      "parent": null,
      "ref": {
        "qCanCollapse": true,
        "qDown": 2,
        "qElemNo": 0,
        "qSubNodes": [
          {
            "qDown": 2,
            "qElemNo": 0,
            "qSubNodes": [],
            "qType": "N",
            "qUp": 1,
          },
          {
            "qDown": 2,
            "qElemNo": 1,
            "qSubNodes": [],
            "qType": "N",
            "qUp": 1,
          },
        ],
        "qType": "N",
        "qUp": 1,
      },
      "root": null,
      "x": 0,
      "y": 0,
    },
    "1": {
      "distanceToNextCell": 0,
      "incrementLeafCount": [Function],
      "isTotalCell": false,
      "leafCount": 3,
      "pageX": 1,
      "pageY": 0,
      "parent": null,
      "ref": {
        "qDown": 2,
        "qElemNo": 1,
        "qSubNodes": [],
        "qType": "N",
        "qUp": 1,
      },
      "root": null,
      "x": 1,
      "y": 0,
    },
    "2": {
      "distanceToNextCell": 0,
      "incrementLeafCount": [Function],
      "isTotalCell": false,
      "leafCount": 3,
      "pageX": 2,
      "pageY": 0,
      "parent": null,
      "ref": {
        "qDown": 2,
        "qElemNo": 1,
        "qSubNodes": [],
        "qType": "N",
        "qUp": 1,
      },
      "root": null,
      "x": 2,
      "y": 0,
    },
    "3": {
      "distanceToNextCell": 0,
      "incrementLeafCount": [Function],
      "isTotalCell": false,
      "leafCount": 3,
      "pageX": 3,
      "pageY": 0,
      "parent": null,
      "ref": {
        "qDown": 2,
        "qElemNo": 2,
        "qSubNodes": [],
        "qType": "N",
        "qUp": 1,
      },
      "root": null,
      "x": 3,
      "y": 0,
    },
  },
  {
    "0": {
      "distanceToNextCell": 0,
      "incrementLeafCount": [Function],
      "isTotalCell": false,
      "leafCount": 3,
      "pageX": 0,
      "pageY": 1,
      "parent": {
        "distanceToNextCell": 0,
        "incrementLeafCount": [Function],
        "isTotalCell": false,
        "leafCount": 5,
        "pageX": 0,
        "pageY": 0,
        "parent": null,
        "ref": {
          "qCanCollapse": true,
          "qDown": 2,
          "qElemNo": 0,
          "qSubNodes": [
            {
              "qDown": 2,
              "qElemNo": 0,
              "qSubNodes": [],
              "qType": "N",
              "qUp": 1,
            },
            {
              "qDown": 2,
              "qElemNo": 1,
              "qSubNodes": [],
              "qType": "N",
              "qUp": 1,
            },
          ],
          "qType": "N",
          "qUp": 1,
        },
        "root": null,
        "x": 0,
        "y": 0,
      },
      "ref": {
        "qDown": 2,
        "qElemNo": 0,
        "qSubNodes": [],
        "qType": "N",
        "qUp": 1,
      },
      "root": {
        "distanceToNextCell": 0,
        "incrementLeafCount": [Function],
        "isTotalCell": false,
        "leafCount": 5,
        "pageX": 0,
        "pageY": 0,
        "parent": null,
        "ref": {
          "qCanCollapse": true,
          "qDown": 2,
          "qElemNo": 0,
          "qSubNodes": [
            {
              "qDown": 2,
              "qElemNo": 0,
              "qSubNodes": [],
              "qType": "N",
              "qUp": 1,
            },
            {
              "qDown": 2,
              "qElemNo": 1,
              "qSubNodes": [],
              "qType": "N",
              "qUp": 1,
            },
          ],
          "qType": "N",
          "qUp": 1,
        },
        "root": null,
        "x": 0,
        "y": 0,
      },
      "x": 0,
      "y": 1,
    },
    "1": {
      "distanceToNextCell": 0,
      "incrementLeafCount": [Function],
      "isTotalCell": false,
      "leafCount": 3,
      "pageX": 1,
      "pageY": 1,
      "parent": {
        "distanceToNextCell": 0,
        "incrementLeafCount": [Function],
        "isTotalCell": false,
        "leafCount": 5,
        "pageX": 0,
        "pageY": 0,
        "parent": null,
        "ref": {
          "qCanCollapse": true,
          "qDown": 2,
          "qElemNo": 0,
          "qSubNodes": [
            {
              "qDown": 2,
              "qElemNo": 0,
              "qSubNodes": [],
              "qType": "N",
              "qUp": 1,
            },
            {
              "qDown": 2,
              "qElemNo": 1,
              "qSubNodes": [],
              "qType": "N",
              "qUp": 1,
            },
          ],
          "qType": "N",
          "qUp": 1,
        },
        "root": null,
        "x": 0,
        "y": 0,
      },
      "ref": {
        "qDown": 2,
        "qElemNo": 1,
        "qSubNodes": [],
        "qType": "N",
        "qUp": 1,
      },
      "root": {
        "distanceToNextCell": 0,
        "incrementLeafCount": [Function],
        "isTotalCell": false,
        "leafCount": 5,
        "pageX": 0,
        "pageY": 0,
        "parent": null,
        "ref": {
          "qCanCollapse": true,
          "qDown": 2,
          "qElemNo": 0,
          "qSubNodes": [
            {
              "qDown": 2,
              "qElemNo": 0,
              "qSubNodes": [],
              "qType": "N",
              "qUp": 1,
            },
            {
              "qDown": 2,
              "qElemNo": 1,
              "qSubNodes": [],
              "qType": "N",
              "qUp": 1,
            },
          ],
          "qType": "N",
          "qUp": 1,
        },
        "root": null,
        "x": 0,
        "y": 0,
      },
      "x": 1,
      "y": 1,
    },
  },
]
`;

exports[`extractTop should extract top data with no nodes expanded 1`] = `
[
  {
    "0": {
      "distanceToNextCell": 0,
      "incrementLeafCount": [Function],
      "isTotalCell": false,
      "leafCount": 3,
      "pageX": 0,
      "pageY": 0,
      "parent": null,
      "ref": {
        "qDown": 2,
        "qElemNo": 0,
        "qSubNodes": [],
        "qType": "N",
        "qUp": 1,
      },
      "root": null,
      "x": 0,
      "y": 0,
    },
    "1": {
      "distanceToNextCell": 0,
      "incrementLeafCount": [Function],
      "isTotalCell": false,
      "leafCount": 3,
      "pageX": 1,
      "pageY": 0,
      "parent": null,
      "ref": {
        "qDown": 2,
        "qElemNo": 1,
        "qSubNodes": [],
        "qType": "N",
        "qUp": 1,
      },
      "root": null,
      "x": 1,
      "y": 0,
    },
    "2": {
      "distanceToNextCell": 0,
      "incrementLeafCount": [Function],
      "isTotalCell": false,
      "leafCount": 3,
      "pageX": 2,
      "pageY": 0,
      "parent": null,
      "ref": {
        "qDown": 2,
        "qElemNo": 2,
        "qSubNodes": [],
        "qType": "N",
        "qUp": 1,
      },
      "root": null,
      "x": 2,
      "y": 0,
    },
  },
]
`;
